Archive member included to satisfy reference by file (symbol)

C:/ST/STM32CubeIDE_1.17.0/STM32CubeIDE/plugins/com.st.stm32cube.ide.mcu.externaltools.gnu-tools-for-stm32.14.3.rel1.win32_1.0.100.202602081740/tools/bin/../lib/gcc/arm-none-eabi/14.3.1/../../../../arm-none-eabi/lib/thumb/v7e-m+fp/hard\libstdc++_nano.a(del_ops.o)
                              ./Core/Src/rpi-display/rpiDisplaySceneBuilder.o (operator delete(void*, unsigned int))
C:/ST/STM32CubeIDE_1.17.0/STM32CubeIDE/plugins/com.st.stm32cube.ide.mcu.externaltools.gnu-tools-for-stm32.14.3.rel1.win32_1.0.100.202602081740/tools/bin/../lib/gcc/arm-none-eabi/14.3.1/../../../../arm-none-eabi/lib/thumb/v7e-m+fp/hard\libstdc++_nano.a(new_op.o)
                              ./Core/Src/rpi-display/rpiSceneBuilderUser.o (operator new(unsigned int))
C:/ST/STM32CubeIDE_1.17.0/STM32CubeIDE/plugins/com.st.stm32cube.ide.mcu.externaltools.gnu-tools-for-stm32.14.3.rel1.win32_1.0.100.202602081740/tools/bin/../lib/gcc/arm-none-eabi/14.3.1/../../../../arm-none-eabi/lib/thumb/v7e-m+fp/hard\libstdc++_nano.a(del_op.o)
                              C:/ST/STM32CubeIDE_1.17.0/STM32CubeIDE/plugins/com.st.stm32cube.ide.mcu.externaltools.gnu-tools-for-stm32.14.3.rel1.win32_1.0.100.202602081740/tools/bin/../lib/gcc/arm-none-eabi/14.3.1/../../../../arm-none-eabi/lib/thumb/v7e-m+fp/hard\libstdc++_nano.a(del_ops.o) (operator delete(void*))
C:/ST/STM32CubeIDE_1.17.0/STM32CubeIDE/plugins/com.st.stm32cube.ide.mcu.externaltools.gnu-tools-for-stm32.14.3.rel1.win32_1.0.100.202602081740/tools/bin/../lib/gcc/arm-none-eabi/14.3.1/../../../../arm-none-eabi/lib/thumb/v7e-m+fp/hard\libstdc++_nano.a(new_handler.o)
                              C:/ST/STM32CubeIDE_1.17.0/STM32CubeIDE/plugins/com.st.stm32cube.ide.mcu.externaltools.gnu-tools-for-stm32.14.3.rel1.win32_1.0.100.202602081740/tools/bin/../lib/gcc/arm-none-eabi/14.3.1/../../../../arm-none-eabi/lib/thumb/v7e-m+fp/hard\libstdc++_nano.a(new_op.o) (std::get_new_handler())
C:/ST/STM32CubeIDE_1.17.0/STM32CubeIDE/plugins/com.st.stm32cube.ide.mcu.externaltools.gnu-tools-for-stm32.14.3.rel1.win32_1.0.100.202602081740/tools/bin/../lib/gcc/arm-none-eabi/14.3.1/../../../../arm-none-eabi/lib/thumb/v7e-m+fp/hard\libc_nano.a(libc_a-abort.o)
                              C:/ST/STM32CubeIDE_1.17.0/STM32CubeIDE/plugins/com.st.stm32cube.ide.mcu.externaltools.gnu-tools-for-stm32.14.3.rel1.win32_1.0.100.202602081740/tools/bin/../lib/gcc/arm-none-eabi/14.3.1/../../../../arm-none-eabi/lib/thumb/v7e-m+fp/hard\libstdc++_nano.a(new_op.o) (abort)
C:/ST/STM32CubeIDE_1.17.0/STM32CubeIDE/plugins/com.st.stm32cube.ide.mcu.externaltools.gnu-tools-for-stm32.14.3.rel1.win32_1.0.100.202602081740/tools/bin/../lib/gcc/arm-none-eabi/14.3.1/../../../../arm-none-eabi/lib/thumb/v7e-m+fp/hard\libc_nano.a(libc_a-exit.o)
                              C:/ST/STM32CubeIDE_1.17.0/STM32CubeIDE/plugins/com.st.stm32cube.ide.mcu.externaltools.gnu-tools-for-stm32.14.3.rel1.win32_1.0.100.202602081740/tools/bin/../lib/gcc/arm-none-eabi/14.3.1/../../../../arm-none-eabi/lib/thumb/v7e-m+fp/hard/crt0.o (exit)
C:/ST/STM32CubeIDE_1.17.0/STM32CubeIDE/plugins/com.st.stm32cube.ide.mcu.externaltools.gnu-tools-for-stm32.14.3.rel1.win32_1.0.100.202602081740/tools/bin/../lib/gcc/arm-none-eabi/14.3.1/../../../../arm-none-eabi/lib/thumb/v7e-m+fp/hard\libc_nano.a(libc_a-itoa.o)
                              ./Core/Src/main.o (itoa)
C:/ST/STM32CubeIDE_1.17.0/STM32CubeIDE/plugins/com.st.stm32cube.ide.mcu.externaltools.gnu-tools-for-stm32.14.3.rel1.win32_1.0.100.202602081740/tools/bin/../lib/gcc/arm-none-eabi/14.3.1/../../../../arm-none-eabi/lib/thumb/v7e-m+fp/hard\libc_nano.a(libc_a-malloc.o)
                              C:/ST/STM32CubeIDE_1.17.0/STM32CubeIDE/plugins/com.st.stm32cube.ide.mcu.externaltools.gnu-tools-for-stm32.14.3.rel1.win32_1.0.100.202602081740/tools/bin/../lib/gcc/arm-none-eabi/14.3.1/../../../../arm-none-eabi/lib/thumb/v7e-m+fp/hard\libstdc++_nano.a(new_op.o) (malloc)
C:/ST/STM32CubeIDE_1.17.0/STM32CubeIDE/plugins/com.st.stm32cube.ide.mcu.externaltools.gnu-tools-for-stm32.14.3.rel1.win32_1.0.100.202602081740/tools/bin/../lib/gcc/arm-none-eabi/14.3.1/../../../../arm-none-eabi/lib/thumb/v7e-m+fp/hard\libc_nano.a(libc_a-mallocr.o)
                              C:/ST/STM32CubeIDE_1.17.0/STM32CubeIDE/plugins/com.st.stm32cube.ide.mcu.externaltools.gnu-tools-for-stm32.14.3.rel1.win32_1.0.100.202602081740/tools/bin/../lib/gcc/arm-none-eabi/14.3.1/../../../../arm-none-eabi/lib/thumb/v7e-m+fp/hard\libc_nano.a(libc_a-malloc.o) (_malloc_r)
C:/ST/STM32CubeIDE_1.17.0/STM32CubeIDE/plugins/com.st.stm32cube.ide.mcu.externaltools.gnu-tools-for-stm32.14.3.rel1.win32_1.0.100.202602081740/tools/bin/../lib/gcc/arm-none-eabi/14.3.1/../../../../arm-none-eabi/lib/thumb/v7e-m+fp/hard\libc_nano.a(libc_a-mlock.o)
[...]
Memory Configuration

Name             Origin             Length             Attributes
RAM              0x20000000         0x00010000         xrw
FLASH            0x08000000         0x00040000         xr
*default*        0x00000000         0xffffffff

Linker script and memory map

LOAD C:/ST/STM32CubeIDE_1.17.0/STM32CubeIDE/plugins/com.st.stm32cube.ide.mcu.externaltools.gnu-tools-for-stm32.14.3.rel1.win32_1.0.100.202602081740/tools/bin/../lib/gcc/arm-none-eabi/14.3.1/thumb/v7e-m+fp/hard/crti.o
LOAD C:/ST/STM32CubeIDE_1.17.0/STM32CubeIDE/plugins/com.st.stm32cube.ide.mcu.externaltools.gnu-tools-for-stm32.14.3.rel1.win32_1.0.100.202602081740/tools/bin/../lib/gcc/arm-none-eabi/14.3.1/thumb/v7e-m+fp/hard/crtbegin.o
LOAD C:/ST/STM32CubeIDE_1.17.0/STM32CubeIDE/plugins/com.st.stm32cube.ide.mcu.externaltools.gnu-tools-for-stm32.14.3.rel1.win32_1.0.100.202602081740/tools/bin/../lib/gcc/arm-none-eabi/14.3.1/../../../../arm-none-eabi/lib/thumb/v7e-m+fp/hard/crt0.o
LOAD ./Core/Src/dma.o
LOAD ./Core/Src/fatfs_sd.o
LOAD ./Core/Src/gpio.o
LOAD ./Core/Src/main.o
LOAD ./Core/Src/mcp2515user.o
LOAD ./Core/Src/sdcardlogging.o
LOAD ./Core/Src/shiftLights.o
LOAD ./Core/Src/spi.o
LOAD ./Core/Src/stm32f4xx_hal_msp.o
LOAD ./Core/Src/stm32f4xx_it.o
LOAD ./Core/Src/syscalls.o
LOAD ./Core/Src/sysmem.o
LOAD ./Core/Src/system_stm32f4xx.o
LOAD ./Core/Src/tim.o
LOAD ./Core/Src/easyusbprintln/easyusbprintln.o
LOAD ./Core/Src/rpi-display/dmatransmitter.o
LOAD ./Core/Src/rpi-display/rpiDisplaySceneBuilder.o
LOAD ./Core/Src/rpi-display/rpiDisplayShapes.o
LOAD ./Core/Src/rpi-display/rpiSceneBuilderUser.o
LOAD ./Core/Src/stm32-hal-mcp2515/mcp2515.o
LOAD ./Core/Startup/startup_stm32f401ccux.o
LOAD ./Drivers/STM32F4xx_HAL_Driver/Src/stm32f4xx_hal.o
LOAD ./Drivers/STM32F4xx_HAL_Driver/Src/stm32f4xx_hal_cortex.o
LOAD ./Drivers/STM32F4xx_HAL_Driver/Src/stm32f4xx_hal_dma.o
LOAD ./Drivers/STM32F4xx_HAL_Driver/Src/stm32f4xx_hal_dma_ex.o
LOAD ./Drivers/STM32F4xx_HAL_Driver/Src/stm32f4xx_hal_exti.o
LOAD ./Drivers/STM32F4xx_HAL_Driver/Src/stm32f4xx_hal_flash.o
LOAD ./Drivers/STM32F4xx_HAL_Driver/Src/stm32f4xx_hal_flash_ex.o
LOAD ./Drivers/STM32F4xx_HAL_Driver/Src/stm32f4xx_hal_flash_ramfunc.o
LOAD ./Drivers/STM32F4xx_HAL_Driver/Src/stm32f4xx_hal_gpio.o
LOAD ./Drivers/STM32F4xx_HAL_Driver/Src/stm32f4xx_hal_pcd.o
LOAD ./Drivers/STM32F4xx_HAL_Driver/Src/stm32f4xx_hal_pcd_ex.o
LOAD ./Drivers/STM32F4xx_HAL_Driver/Src/stm32f4xx_hal_pwr.o
LOAD ./Drivers/STM32F4xx_HAL_Driver/Src/stm32f4xx_hal_pwr_ex.o
LOAD ./Drivers/STM32F4xx_HAL_Driver/Src/stm32f4xx_hal_rcc.o
LOAD ./Drivers/STM32F4xx_HAL_Driver/Src/stm32f4xx_hal_rcc_ex.o
LOAD ./Drivers/STM32F4xx_HAL_Driver/Src/stm32f4xx_hal_spi.o
LOAD ./Drivers/STM32F4xx_HAL_Driver/Src/stm32f4xx_hal_tim.o
LOAD ./Drivers/STM32F4xx_HAL_Driver/Src/stm32f4xx_hal_tim_ex.o
LOAD ./Drivers/STM32F4xx_HAL_Driver/Src/stm32f4xx_ll_usb.o
LOAD ./FATFS/App/fatfs.o
LOAD ./FATFS/Target/user_diskio.o
LOAD ./Middlewares/ST/STM32_USB_Device_Library/Class/CDC/Src/usbd_cdc.o
LOAD ./Middlewares/ST/STM32_USB_Device_Library/Core/Src/usbd_core.o
LOAD ./Middlewares/ST/STM32_USB_Device_Library/Core/Src/usbd_ctlreq.o
LOAD ./Middlewares/ST/STM32_USB_Device_Library/Core/Src/usbd_ioreq.o
LOAD ./Middlewares/Third_Party/FatFs/src/diskio.o
LOAD ./Middlewares/Third_Party/FatFs/src/ff.o
LOAD ./Middlewares/Third_Party/FatFs/src/ff_gen_drv.o
LOAD ./Middlewares/Third_Party/FatFs/src/option/syscall.o
LOAD ./USB_DEVICE/App/usb_device.o
LOAD ./USB_DEVICE/App/usbd_cdc_if.o
LOAD ./USB_DEVICE/App/usbd_desc.o
LOAD ./USB_DEVICE/Target/usbd_conf.o
START GROUP
LOAD C:/ST/STM32CubeIDE_1.17.0/STM32CubeIDE/plugins/com.st.stm32cube.ide.mcu.externaltools.gnu-tools-for-stm32.14.3.rel1.win32_1.0.100.202602081740/tools/bin/../lib/gcc/arm-none-eabi/14.3.1/../../../../arm-none-eabi/lib/thumb/v7e-m+fp/hard\libstdc++_nano.a
LOAD C:/ST/STM32CubeIDE_1.17.0/STM32CubeIDE/plugins/com.st.stm32cube.ide.mcu.externaltools.gnu-tools-for-stm32.14.3.rel1.win32_1.0.100.202602081740/tools/bin/../lib/gcc/arm-none-eabi/14.3.1/../../../../arm-none-eabi/lib/thumb/v7e-m+fp/hard\libsupc++_nano.a
END GROUP
LOAD C:/ST/STM32CubeIDE_1.17.0/STM32CubeIDE/plugins/com.st.stm32cube.ide.mcu.externaltools.gnu-tools-for-stm32.14.3.rel1.win32_1.0.100.202602081740/tools/bin/../lib/gcc/arm-none-eabi/14.3.1/../../../../arm-none-eabi/lib/thumb/v7e-m+fp/hard\libstdc++_nano.a
LOAD C:/ST/STM32CubeIDE_1.17.0/STM32CubeIDE/plugins/com.st.stm32cube.ide.mcu.externaltools.gnu-tools-for-stm32.14.3.rel1.win32_1.0.100.202602081740/tools/bin/../lib/gcc/arm-none-eabi/14.3.1/../../../../arm-none-eabi/lib/thumb/v7e-m+fp/hard\libm.a
LOAD C:/ST/STM32CubeIDE_1.17.0/STM32CubeIDE/plugins/com.st.stm32cube.ide.mcu.externaltools.gnu-tools-for-stm32.14.3.rel1.win32_1.0.100.202602081740/tools/bin/../lib/gcc/arm-none-eabi/14.3.1/../../../../arm-none-eabi/lib/thumb/v7e-m+fp/hard\libc_nano.a
START GROUP
LOAD C:/ST/STM32CubeIDE_1.17.0/STM32CubeIDE/plugins/com.st.stm32cube.ide.mcu.externaltools.gnu-tools-for-stm32.14.3.rel1.win32_1.0.100.202602081740/tools/bin/../lib/gcc/arm-none-eabi/14.3.1/thumb/v7e-m+fp/hard\libgcc.a
LOAD C:/ST/STM32CubeIDE_1.17.0/STM32CubeIDE/plugins/com.st.stm32cube.ide.mcu.externaltools.gnu-tools-for-stm32.14.3.rel1.win32_1.0.100.202602081740/tools/bin/../lib/gcc/arm-none-eabi/14.3.1/../../../../arm-none-eabi/lib/thumb/v7e-m+fp/hard\libc_nano.a
END GROUP
START GROUP
LOAD C:/ST/STM32CubeIDE_1.17.0/STM32CubeIDE/plugins/com.st.stm32cube.ide.mcu.externaltools.gnu-tools-for-stm32.14.3.rel1.win32_1.0.100.202602081740/tools/bin/../lib/gcc/arm-none-eabi/14.3.1/thumb/v7e-m+fp/hard\libgcc.a
LOAD C:/ST/STM32CubeIDE_1.17.0/STM32CubeIDE/plugins/com.st.stm32cube.ide.mcu.externaltools.gnu-tools-for-stm32.14.3.rel1.win32_1.0.100.202602081740/tools/bin/../lib/gcc/arm-none-eabi/14.3.1/../../../../arm-none-eabi/lib/thumb/v7e-m+fp/hard\libc_nano.a
LOAD C:/ST/STM32CubeIDE_1.17.0/STM32CubeIDE/plugins/com.st.stm32cube.ide.mcu.externaltools.gnu-tools-for-stm32.14.3.rel1.win32_1.0.100.202602081740/tools/bin/../lib/gcc/arm-none-eabi/14.3.1/../../../../arm-none-eabi/lib/thumb/v7e-m+fp/hard\libnosys.a
END GROUP
START GROUP
LOAD C:/ST/STM32CubeIDE_1.17.0/STM32CubeIDE/plugins/com.st.stm32cube.ide.mcu.externaltools.gnu-tools-for-stm32.14.3.rel1.win32_1.0.100.202602081740/tools/bin/../lib/gcc/arm-none-eabi/14.3.1/thumb/v7e-m+fp/hard\libgcc.a
LOAD C:/ST/STM32CubeIDE_1.17.0/STM32CubeIDE/plugins/com.st.stm32cube.ide.mcu.externaltools.gnu-tools-for-stm32.14.3.rel1.win32_1.0.100.202602081740/tools/bin/../lib/gcc/arm-none-eabi/14.3.1/../../../../arm-none-eabi/lib/thumb/v7e-m+fp/hard\libc_nano.a
LOAD C:/ST/STM32CubeIDE_1.17.0/STM32CubeIDE/plugins/com.st.stm32cube.ide.mcu.externaltools.gnu-tools-for-stm32.14.3.rel1.win32_1.0.100.202602081740/tools/bin/../lib/gcc/arm-none-eabi/14.3.1/../../../../arm-none-eabi/lib/thumb/v7e-m+fp/hard\libnosys.a
END GROUP
LOAD C:/ST/STM32CubeIDE_1.17.0/STM32CubeIDE/plugins/com.st.stm32cube.ide.mcu.externaltools.gnu-tools-for-stm32.14.3.rel1.win32_1.0.100.202602081740/tools/bin/../lib/gcc/arm-none-eabi/14.3.1/thumb/v7e-m+fp/hard/crtend.o
LOAD C:/ST/STM32CubeIDE_1.17.0/STM32CubeIDE/plugins/com.st.stm32cube.ide.mcu.externaltools.gnu-tools-for-stm32.14.3.rel1.win32_1.0.100.202602081740/tools/bin/../lib/gcc/arm-none-eabi/14.3.1/thumb/v7e-m+fp/hard/crtn.o
                0x20010000                        _estack = (ORIGIN (RAM) + LENGTH (RAM))
                0x00000200                        _Min_Heap_Size = 0x200
                0x00000400                        _Min_Stack_Size = 0x400

.isr_vector     0x08000000      0x194
                0x08000000                        . = ALIGN (0x4)
 *(.isr_vector)
 .isr_vector    0x08000000      0x194 ./Core/Startup/startup_stm32f401ccux.o
                0x08000000                g_pfnVectors
                0x08000194                        . = ALIGN (0x4)

.text           0x080001a0     0xf2f8
                0x080001a0                        . = ALIGN (0x4)
 *(.text)
 .text          0x080001a0       0x40 C:/ST/STM32CubeIDE_1.17.0/STM32CubeIDE/plugins/com.st.stm32cube.ide.mcu.externaltools.gnu-tools-for-stm32.14.3.rel1.win32_1.0.100.202602081740/tools/bin/../lib/gcc/arm-none-eabi/14.3.1/thumb/v7e-m+fp/hard/crtbegin.o
 .text          0x080001e0       0x10 C:/ST/STM32CubeIDE_1.17.0/STM32CubeIDE/plugins/com.st.stm32cube.ide.mcu.externaltools.gnu-tools-for-stm32.14.3.rel1.win32_1.0.100.202602081740/tools/bin/../lib/gcc/arm-none-eabi/14.3.1/../../../../arm-none-eabi/lib/thumb/v7e-m+fp/hard\libc_nano.a(libc_a-strlen.o)
                0x080001e0                strlen
 .text          0x080001f0       0xa0 C:/ST/STM32CubeIDE_1.17.0/STM32CubeIDE/plugins/com.st.stm32cube.ide.mcu.externaltools.gnu-tools-for-stm32.14.3.rel1.win32_1.0.100.202602081740/tools/bin/../lib/gcc/arm-none-eabi/14.3.1/../../../../arm-none-eabi/lib/thumb/v7e-m+fp/hard\libc_nano.a(libc_a-memchr.o)
                0x080001f0                memchr
 .text          0x08000290       0x30 C:/ST/STM32CubeIDE_1.17.0/STM32CubeIDE/plugins/com.st.stm32cube.ide.mcu.externaltools.gnu-tools-for-stm32.14.3.rel1.win32_1.0.100.202602081740/tools/bin/../lib/gcc/arm-none-eabi/14.3.1/thumb/v7e-m+fp/hard\libgcc.a(_aeabi_uldivmod.o)
                0x08000290                __aeabi_uldivmod
 .text          0x080002c0      0x2f8 C:/ST/STM32CubeIDE_1.17.0/STM32CubeIDE/plugins/com.st.stm32cube.ide.mcu.externaltools.gnu-tools-for-stm32.14.3.rel1.win32_1.0.100.202602081740/tools/bin/../lib/gcc/arm-none-eabi/14.3.1/thumb/v7e-m+fp/hard\libgcc.a(_udivmoddi4.o)
                0x080002c0                __udivmoddi4
 .text          0x080005b8        0x4 C:/ST/STM32CubeIDE_1.17.0/STM32CubeIDE/plugins/com.st.stm32cube.ide.mcu.externaltools.gnu-tools-for-stm32.14.3.rel1.win32_1.0.100.202602081740/tools/bin/../lib/gcc/arm-none-eabi/14.3.1/thumb/v7e-m+fp/hard\libgcc.a(_dvmd_tls.o)
                0x080005b8                __aeabi_idiv0
                0x080005b8                __aeabi_ldiv0
 *(.text*)
 .text.MX_DMA_Init
                0x080005bc       0x6c ./Core/Src/dma.o
                0x080005bc                MX_DMA_Init
 .text.SELECT   0x08000628       0x1c ./Core/Src/fatfs_sd.o
 .text.DESELECT
                0x08000644       0x1c ./Core/Src/fatfs_sd.o
 .text.SPI_TxByte
                0x08000660       0x34 ./Core/Src/fatfs_sd.o
 .text.SPI_TxBuffer
                0x08000694       0x34 ./Core/Src/fatfs_sd.o
 .text.SPI_RxByte
                0x080006c8       0x38 ./Core/Src/fatfs_sd.o
 .text.SPI_RxBytePtr
                0x08000700       0x1c ./Core/Src/fatfs_sd.o
 .text.SD_ReadyWait
                0x0800071c       0x34 ./Core/Src/fatfs_sd.o
 .text.SD_PowerOn
                0x08000750       0x84 ./Core/Src/fatfs_sd.o
 .text.SD_PowerOff
                0x080007d4       0x18 ./Core/Src/fatfs_sd.o
 .text.SD_CheckPower
                0x080007ec       0x18 ./Core/Src/fatfs_sd.o
 .text.SD_RxDataBlock
                0x08000804       0x5c ./Core/Src/fatfs_sd.o
 .text.SD_TxDataBlock
                0x08000860       0x86 ./Core/Src/fatfs_sd.o
 .text.SD_SendCmd
                0x080008e6       0xa8 ./Core/Src/fatfs_sd.o
 *fill*         0x0800098e        0x2 
 .text.SD_disk_initialize
                0x08000990      0x1cc ./Core/Src/fatfs_sd.o
                0x08000990                SD_disk_initialize
 .text.SD_disk_status
                0x08000b5c       0x2c ./Core/Src/fatfs_sd.o
                0x08000b5c                SD_disk_status
 .text.SD_disk_read
                0x08000b88       0xd4 ./Core/Src/fatfs_sd.o
                0x08000b88                SD_disk_read
 .text.SD_disk_write
                0x08000c5c      0x108 ./Core/Src/fatfs_sd.o
                0x08000c5c                SD_disk_write
 .text.SD_disk_ioctl
                0x08000d64      0x254 ./Core/Src/fatfs_sd.o
                0x08000d64                SD_disk_ioctl
 .text.MX_GPIO_Init
                0x08000fb8      0x1a0 ./Core/Src/gpio.o
                0x08000fb8                MX_GPIO_Init
 .text.HAL_GPIO_EXTI_Callback
                0x08001158       0x64 ./Core/Src/main.o
                0x08001158                HAL_GPIO_EXTI_Callback
 .text.main     0x080011bc      0x600 ./Core/Src/main.o
                0x080011bc                main
 .text.SystemClock_Config
                0x080017bc       0xd8 ./Core/Src/main.o
                0x080017bc                SystemClock_Config
 .text.Error_Handler
                0x08001894        0xc ./Core/Src/main.o
                0x08001894                Error_Handler
 .text.initializeMCP2515
                0x080018a0       0x24 ./Core/Src/mcp2515user.o
                0x080018a0                initializeMCP2515
 .text.sendMessage
                0x080018c4       0x20 ./Core/Src/mcp2515user.o
                0x080018c4                sendMessage
 .text.readMessage
                0x080018e4       0x20 ./Core/Src/mcp2515user.o
                0x080018e4                readMessage
 .text._Z41__static_initialization_and_destruction_0v
                0x08001904       0x28 ./Core/Src/mcp2515user.o
 .text._GLOBAL__sub_I_myMCP
                0x0800192c        0xa ./Core/Src/mcp2515user.o
 *fill*         0x08001936        0x2 
 .text.setColor
                0x08001938       0xf8 ./Core/Src/shiftLights.o
                0x08001938                setColor
 .text.shiftLightsInit
                0x08001a30       0xf8 ./Core/Src/shiftLights.o
                0x08001a30                shiftLightsInit
 .text.HAL_TIM_PWM_PulseFinishedCallback
                0x08001b28       0x28 ./Core/Src/shiftLights.o
                0x08001b28                HAL_TIM_PWM_PulseFinishedCallback
 .text.UpdateShiftLights
                0x08001b50       0x84 ./Core/Src/shiftLights.o
                0x08001b50                UpdateShiftLights
 .text.lightOn  0x08001bd4      0x10c ./Core/Src/shiftLights.o
                0x08001bd4                lightOn
 .text.startUp  0x08001ce0       0xd0 ./Core/Src/shiftLights.o
                0x08001ce0                startUp
 .text.MX_SPI1_Init
                0x08001db0       0x70 ./Core/Src/spi.o
                0x08001db0                MX_SPI1_Init
 .text.MX_SPI2_Init
                0x08001e20       0x6c ./Core/Src/spi.o
                0x08001e20                MX_SPI2_Init
 .text.HAL_SPI_MspInit
                0x08001e8c      0x164 ./Core/Src/spi.o
                0x08001e8c                HAL_SPI_MspInit
 .text.HAL_MspInit
                0x08001ff0       0x50 ./Core/Src/stm32f4xx_hal_msp.o
                0x08001ff0                HAL_MspInit
 .text.SDTimer_Handler
                0x08002040       0x48 ./Core/Src/stm32f4xx_it.o
                0x08002040                SDTimer_Handler
 .text.NMI_Handler
                0x08002088        0x8 ./Core/Src/stm32f4xx_it.o
                0x08002088                NMI_Handler
 .text.HardFault_Handler
                0x08002090        0x8 ./Core/Src/stm32f4xx_it.o
                0x08002090                HardFault_Handler
 .text.MemManage_Handler
                0x08002098        0x8 ./Core/Src/stm32f4xx_it.o
                0x08002098                MemManage_Handler
 .text.BusFault_Handler
                0x080020a0        0x8 ./Core/Src/stm32f4xx_it.o
                0x080020a0                BusFault_Handler
 .text.UsageFault_Handler
                0x080020a8        0x8 ./Core/Src/stm32f4xx_it.o
                0x080020a8                UsageFault_Handler
 .text.SVC_Handler
                0x080020b0        0xe ./Core/Src/stm32f4xx_it.o
                0x080020b0                SVC_Handler
 .text.DebugMon_Handler
                0x080020be        0xe ./Core/Src/stm32f4xx_it.o
                0x080020be                DebugMon_Handler
 .text.PendSV_Handler
                0x080020cc        0xe ./Core/Src/stm32f4xx_it.o
                0x080020cc                PendSV_Handler
 *fill*         0x080020da        0x2 
 .text.SysTick_Handler
                0x080020dc       0x34 ./Core/Src/stm32f4xx_it.o
                0x080020dc                SysTick_Handler
 .text.DMA1_Stream0_IRQHandler
                0x08002110       0x14 ./Core/Src/stm32f4xx_it.o
                0x08002110                DMA1_Stream0_IRQHandler
 .text.EXTI9_5_IRQHandler
                0x08002124       0x18 ./Core/Src/stm32f4xx_it.o
                0x08002124                EXTI9_5_IRQHandler
 .text.EXTI15_10_IRQHandler
                0x0800213c       0x18 ./Core/Src/stm32f4xx_it.o
                0x0800213c                EXTI15_10_IRQHandler
 .text.DMA2_Stream3_IRQHandler
                0x08002154       0x14 ./Core/Src/stm32f4xx_it.o
                0x08002154                DMA2_Stream3_IRQHandler
 .text.OTG_FS_IRQHandler
                0x08002168       0x14 ./Core/Src/stm32f4xx_it.o
                0x08002168                OTG_FS_IRQHandler
 .text._getpid  0x0800217c       0x10 ./Core/Src/syscalls.o
                0x0800217c                _getpid
 .text._kill    0x0800218c       0x20 ./Core/Src/syscalls.o
                0x0800218c                _kill
 .text._exit    0x080021ac       0x16 ./Core/Src/syscalls.o
                0x080021ac                _exit
 *fill*         0x080021c2        0x2 
 .text._sbrk    0x080021c4       0x6c ./Core/Src/sysmem.o
                0x080021c4                _sbrk
 .text.SystemInit
                0x08002230       0x24 ./Core/Src/system_stm32f4xx.o
                0x08002230                SystemInit
 .text.MX_TIM4_Init
                0x08002254       0xec ./Core/Src/tim.o
                0x08002254                MX_TIM4_Init
 .text.HAL_TIM_Base_MspInit
                0x08002340       0xa8 ./Core/Src/tim.o
                0x08002340                HAL_TIM_Base_MspInit
 .text.HAL_TIM_MspPostInit
                0x080023e8       0x74 ./Core/Src/tim.o
                0x080023e8                HAL_TIM_MspPostInit
 .text.USB_Println
                0x0800245c       0x46 ./Core/Src/easyusbprintln/easyusbprintln.o
                0x0800245c                USB_Println
 *fill*         0x080024a2        0x2 
 .text.transmitdma
                0x080024a4       0x2c ./Core/Src/rpi-display/dmatransmitter.o
                0x080024a4                transmitdma
 .text.HAL_SPI_TxCpltCallback
                0x080024d0       0x2c ./Core/Src/rpi-display/dmatransmitter.o
                0x080024d0                HAL_SPI_TxCpltCallback
 .text._ZN5SceneC2EPP13DisplayObjecth
                0x080024fc       0x24 ./Core/Src/rpi-display/rpiDisplaySceneBuilder.o
                0x080024fc                Scene::Scene(DisplayObject**, unsigned char)
                0x080024fc                Scene::Scene(DisplayObject**, unsigned char)
 .text._ZN5Scene8setSceneEPP13DisplayObjecth
                0x08002520       0x68 ./Core/Src/rpi-display/rpiDisplaySceneBuilder.o
                0x08002520                Scene::setScene(DisplayObject**, unsigned char)
 .text._ZN5Scene9drawSceneEv
                0x08002588      0x2c8 ./Core/Src/rpi-display/rpiDisplaySceneBuilder.o
                0x08002588                Scene::drawScene()
 .text._ZN13DisplayObjectD2Ev
                0x08002850       0x20 ./Core/Src/rpi-display/rpiDisplaySceneBuilder.o
                0x08002850                DisplayObject::~DisplayObject()
                0x08002850                DisplayObject::~DisplayObject()
 .text._ZN13DisplayObject15resetChangeFlagEv
                0x08002870       0x1a ./Core/Src/rpi-display/rpiDisplaySceneBuilder.o
                0x08002870                DisplayObject::resetChangeFlag()
 .text._ZN13DisplayObject12redrawObjectEv
                0x0800288a       0x1a ./Core/Src/rpi-display/rpiDisplaySceneBuilder.o
                0x0800288a                DisplayObject::redrawObject()
 .text._ZN13DisplayObject7getxposEv
                0x080028a4       0x18 ./Core/Src/rpi-display/rpiDisplaySceneBuilder.o
                0x080028a4                DisplayObject::getxpos()
 .text._ZN13DisplayObject7setxposEt
                0x080028bc       0x1e ./Core/Src/rpi-display/rpiDisplaySceneBuilder.o
                0x080028bc                DisplayObject::setxpos(unsigned short)
 .text._ZN13DisplayObject7getyposEv
                0x080028da       0x18 ./Core/Src/rpi-display/rpiDisplaySceneBuilder.o
                0x080028da                DisplayObject::getypos()
 .text._ZN13DisplayObject7setyposEt
                0x080028f2       0x1e ./Core/Src/rpi-display/rpiDisplaySceneBuilder.o
                0x080028f2                DisplayObject::setypos(unsigned short)
 .text._ZN13DisplayObject11getpriorityEv
                0x08002910       0x18 ./Core/Src/rpi-display/rpiDisplaySceneBuilder.o
                0x08002910                DisplayObject::getpriority()
 .text._ZN13DisplayObject11setpriorityEh
                0x08002928       0x1e ./Core/Src/rpi-display/rpiDisplaySceneBuilder.o
                0x08002928                DisplayObject::setpriority(unsigned char)
 .text._ZN13DisplayObject13getChangeFlagEv
                0x08002946       0x18 ./Core/Src/rpi-display/rpiDisplaySceneBuilder.o
                0x08002946                DisplayObject::getChangeFlag()
 *fill*         0x0800295e        0x2 
 .text._ZN13DisplayObjectC2Ev
                0x08002960       0x20 ./Core/Src/rpi-display/rpiDisplaySceneBuilder.o
                0x08002960                DisplayObject::DisplayObject()
                0x08002960                DisplayObject::DisplayObject()
 .text._ZN12StringObjectC2EtttPK7GFXfonthPch
                0x08002980       0x7c ./Core/Src/rpi-display/rpiDisplaySceneBuilder.o
                0x08002980                StringObject::StringObject(unsigned short, unsigned short, unsigned short, GFXfont const*, unsigned char, char*, unsigned char)
                0x08002980                StringObject::StringObject(unsigned short, unsigned short, unsigned short, GFXfont const*, unsigned char, char*, unsigned char)
 .text._ZN12StringObject19drawIntoFramebufferEPttt
                0x080029fc       0x68 ./Core/Src/rpi-display/rpiDisplaySceneBuilder.o
                0x080029fc                StringObject::drawIntoFramebuffer(unsigned short*, unsigned short, unsigned short)
 .text._ZN12StringObject12updateStringEPchtPK7GFXfonttth
                0x08002a64       0x64 ./Core/Src/rpi-display/rpiDisplaySceneBuilder.o
                0x08002a64                StringObject::updateString(char*, unsigned char, unsigned short, GFXfont const*, unsigned short, unsigned short, unsigned char)
 .text._ZN17OutlineRectObjectC2Ettttthh
                0x08002ac8       0x80 ./Core/Src/rpi-display/rpiDisplaySceneBuilder.o
                0x08002ac8                OutlineRectObject::OutlineRectObject(unsigned short, unsigned short, unsigned short, unsigned short, unsigned short, unsigned char, unsigned char)
                0x08002ac8                OutlineRectObject::OutlineRectObject(unsigned short, unsigned short, unsigned short, unsigned short, unsigned short, unsigned char, unsigned char)
 .text._ZN17OutlineRectObject19drawIntoFramebufferEPttt
                0x08002b48       0x64 ./Core/Src/rpi-display/rpiDisplaySceneBuilder.o
                0x08002b48                OutlineRectObject::drawIntoFramebuffer(unsigned short*, unsigned short, unsigned short)
 .text._ZN11ImageObjectC2EPctttthh
                0x08002bac       0x54 ./Core/Src/rpi-display/rpiDisplaySceneBuilder.o
                0x08002bac                ImageObject::ImageObject(char*, unsigned short, unsigned short, unsigned short, unsigned short, unsigned char, unsigned char)
                0x08002bac                ImageObject::ImageObject(char*, unsigned short, unsigned short, unsigned short, unsigned short, unsigned char, unsigned char)
 .text._ZN11ImageObject19drawIntoFramebufferEPttt
                0x08002c00       0x7a ./Core/Src/rpi-display/rpiDisplaySceneBuilder.o
                0x08002c00                ImageObject::drawIntoFramebuffer(unsigned short*, unsigned short, unsigned short)
 .text._ZN11ImageObject11updateImageEPctttthh
                0x08002c7a       0x66 ./Core/Src/rpi-display/rpiDisplaySceneBuilder.o
                0x08002c7a                ImageObject::updateImage(char*, unsigned short, unsigned short, unsigned short, unsigned short, unsigned char, unsigned char)
 .text._ZN11ImageObjectD2Ev
                0x08002ce0       0x24 ./Core/Src/rpi-display/rpiDisplaySceneBuilder.o
                0x08002ce0                ImageObject::~ImageObject()
                0x08002ce0                ImageObject::~ImageObject()
 .text._ZN11ImageObjectD0Ev
                0x08002d04       0x22 ./Core/Src/rpi-display/rpiDisplaySceneBuilder.o
                0x08002d04                ImageObject::~ImageObject()
 *fill*         0x08002d26        0x2 
 .text._ZN17OutlineRectObjectD2Ev
                0x08002d28       0x24 ./Core/Src/rpi-display/rpiDisplaySceneBuilder.o
                0x08002d28                OutlineRectObject::~OutlineRectObject()
                0x08002d28                OutlineRectObject::~OutlineRectObject()
 .text._ZN17OutlineRectObjectD0Ev
                0x08002d4c       0x20 ./Core/Src/rpi-display/rpiDisplaySceneBuilder.o
                0x08002d4c                OutlineRectObject::~OutlineRectObject()
 .text._ZN12StringObjectD2Ev
                0x08002d6c       0x24 ./Core/Src/rpi-display/rpiDisplaySceneBuilder.o
                0x08002d6c                StringObject::~StringObject()
                0x08002d6c                StringObject::~StringObject()
 .text._ZN12StringObjectD0Ev
                0x08002d90       0x20 ./Core/Src/rpi-display/rpiDisplaySceneBuilder.o
                0x08002d90                StringObject::~StringObject()
 .text.startTransaction
                0x08002db0       0x18 ./Core/Src/rpi-display/rpiDisplayShapes.o
                0x08002db0                startTransaction
 .text.endTransaction
                0x08002dc8       0x18 ./Core/Src/rpi-display/rpiDisplayShapes.o
                0x08002dc8                endTransaction
 .text.dataOrRegister
                0x08002de0       0x34 ./Core/Src/rpi-display/rpiDisplayShapes.o
                0x08002de0                dataOrRegister
 .text.commandAndData
                0x08002e14       0x50 ./Core/Src/rpi-display/rpiDisplayShapes.o
                0x08002e14                commandAndData
 .text.startCommand
                0x08002e64       0x2c ./Core/Src/rpi-display/rpiDisplayShapes.o
                0x08002e64                startCommand
 .text.endCommand
                0x08002e90        0xc ./Core/Src/rpi-display/rpiDisplayShapes.o
                0x08002e90                endCommand
 .text.resetScreen
                0x08002e9c       0x3c ./Core/Src/rpi-display/rpiDisplayShapes.o
                0x08002e9c                resetScreen
 .text.initializeScreen
                0x08002ed8      0x160 ./Core/Src/rpi-display/rpiDisplayShapes.o
                0x08002ed8                initializeScreen
 .text.displayOn
                0x08003038       0x12 ./Core/Src/rpi-display/rpiDisplayShapes.o
                0x08003038                displayOn
 .text.modifySpace
                0x0800304a       0x82 ./Core/Src/rpi-display/rpiDisplayShapes.o
                0x0800304a                modifySpace
 .text.clearScreenfast
                0x080030cc       0xf0 ./Core/Src/rpi-display/rpiDisplayShapes.o
                0x080030cc                clearScreenfast
 .text.getRectCenter
                0x080031bc       0x46 ./Core/Src/rpi-display/rpiDisplayShapes.o
                0x080031bc                getRectCenter
 .text.drawRectangleOutlineIntoFramebuffer
                0x08003202      0x190 ./Core/Src/rpi-display/rpiDisplayShapes.o
                0x08003202                drawRectangleOutlineIntoFramebuffer
 .text.getStringCenter
                0x08003392       0x6a ./Core/Src/rpi-display/rpiDisplayShapes.o
                0x08003392                getStringCenter
 .text.getStringLeft
                0x080033fc       0x66 ./Core/Src/rpi-display/rpiDisplayShapes.o
                0x080033fc                getStringLeft
 .text.getCharXadv
                0x08003462       0x32 ./Core/Src/rpi-display/rpiDisplayShapes.o
                0x08003462                getCharXadv
 .text.drawCharIntoFramebuffer
                0x08003494      0x170 ./Core/Src/rpi-display/rpiDisplayShapes.o
                0x08003494                drawCharIntoFramebuffer
 .text.drawStringIntoFramebuffer
                0x08003604      0x116 ./Core/Src/rpi-display/rpiDisplayShapes.o
                0x08003604                drawStringIntoFramebuffer
 .text.drawImageIntoFramebuffer
                0x0800371a      0x14e ./Core/Src/rpi-display/rpiDisplayShapes.o
                0x0800371a                drawImageIntoFramebuffer
 .text.setrpmdata
                0x08003868       0x58 ./Core/Src/rpi-display/rpiSceneBuilderUser.o
                0x08003868                setrpmdata
 .text.settempdata
                0x080038c0       0x58 ./Core/Src/rpi-display/rpiSceneBuilderUser.o
                0x080038c0                settempdata
 .text.setgeardata
                0x08003918       0x54 ./Core/Src/rpi-display/rpiSceneBuilderUser.o
                0x08003918                setgeardata
 .text.setbattdata
                0x0800396c       0x58 ./Core/Src/rpi-display/rpiSceneBuilderUser.o
                0x0800396c                setbattdata
 .text.setspeeddata
                0x080039c4       0x58 ./Core/Src/rpi-display/rpiSceneBuilderUser.o
                0x080039c4                setspeeddata
 .text.setoilpressuredata
                0x08003a1c       0x58 ./Core/Src/rpi-display/rpiSceneBuilderUser.o
                0x08003a1c                setoilpressuredata
 .text.domainscreen
                0x08003a74       0x20 ./Core/Src/rpi-display/rpiSceneBuilderUser.o
                0x08003a74                domainscreen
 .text.dosplashscene
                0x08003a94       0x20 ./Core/Src/rpi-display/rpiSceneBuilderUser.o
                0x08003a94                dosplashscene
 .text._Z41__static_initialization_and_destruction_0v
                0x08003ab4      0x2cc ./Core/Src/rpi-display/rpiSceneBuilderUser.o
 .text._GLOBAL__sub_I_epd_bitmap_allArray
                0x08003d80        0xa ./Core/Src/rpi-display/rpiSceneBuilderUser.o
 .text._ZN7MCP2515C2EP19__SPI_HandleTypeDefmP12GPIO_TypeDefh
                0x08003d8a       0x36 ./Core/Src/stm32-hal-mcp2515/mcp2515.o
                0x08003d8a                MCP2515::MCP2515(__SPI_HandleTypeDef*, unsigned long, GPIO_TypeDef*, unsigned char)
                0x08003d8a                MCP2515::MCP2515(__SPI_HandleTypeDef*, unsigned long, GPIO_TypeDef*, unsigned char)
 .text._ZN7MCP25156SPI_TxEh
                0x08003dc0       0x24 ./Core/Src/stm32-hal-mcp2515/mcp2515.o
                0x08003dc0                MCP2515::SPI_Tx(unsigned char)
 .text._ZN7MCP25156SPI_RxEv
                0x08003de4       0x24 ./Core/Src/stm32-hal-mcp2515/mcp2515.o
                0x08003de4                MCP2515::SPI_Rx()
 .text._ZN7MCP25158startSPIEv
                0x08003e08       0x20 ./Core/Src/stm32-hal-mcp2515/mcp2515.o
                0x08003e08                MCP2515::startSPI()
 .text._ZN7MCP25156endSPIEv
                0x08003e28       0x20 ./Core/Src/stm32-hal-mcp2515/mcp2515.o
                0x08003e28                MCP2515::endSPI()
 .text._ZN7MCP25155resetEv
                0x08003e48      0x134 ./Core/Src/stm32-hal-mcp2515/mcp2515.o
                0x08003e48                MCP2515::reset()
 .text._ZN7MCP251512readRegisterENS_8REGISTERE
                0x08003f7c       0x3e ./Core/Src/stm32-hal-mcp2515/mcp2515.o
                0x08003f7c                MCP2515::readRegister(MCP2515::REGISTER)
 .text._ZN7MCP251513readRegistersENS_8REGISTEREPhh
                0x08003fba       0x5e ./Core/Src/stm32-hal-mcp2515/mcp2515.o
                0x08003fba                MCP2515::readRegisters(MCP2515::REGISTER, unsigned char*, unsigned char)
 .text._ZN7MCP251511setRegisterENS_8REGISTEREh
                0x08004018       0x40 ./Core/Src/stm32-hal-mcp2515/mcp2515.o
                0x08004018                MCP2515::setRegister(MCP2515::REGISTER, unsigned char)
 .text._ZN7MCP251512setRegistersENS_8REGISTEREPKhh
                0x08004058       0x5e ./Core/Src/stm32-hal-mcp2515/mcp2515.o
                0x08004058                MCP2515::setRegisters(MCP2515::REGISTER, unsigned char const*, unsigned char)
 .text._ZN7MCP251514modifyRegisterENS_8REGISTEREhh
                0x080040b6       0x54 ./Core/Src/stm32-hal-mcp2515/mcp2515.o
                0x080040b6                MCP2515::modifyRegister(MCP2515::REGISTER, unsigned char, unsigned char)
 .text._ZN7MCP25159getStatusEv
                0x0800410a       0x30 ./Core/Src/stm32-hal-mcp2515/mcp2515.o
                0x0800410a                MCP2515::getStatus()
 .text._ZN7MCP251513setConfigModeEv
                0x0800413a       0x1a ./Core/Src/stm32-hal-mcp2515/mcp2515.o
                0x0800413a                MCP2515::setConfigMode()
 .text._ZN7MCP251513setNormalModeEv
                0x08004154       0x1a ./Core/Src/stm32-hal-mcp2515/mcp2515.o
                0x08004154                MCP2515::setNormalMode()
 .text._ZN7MCP25157setModeENS_18CANCTRL_REQOP_MODEE
                0x0800416e       0x7e ./Core/Src/stm32-hal-mcp2515/mcp2515.o
                0x0800416e                MCP2515::setMode(MCP2515::CANCTRL_REQOP_MODE)
 .text._ZN7MCP251510setBitrateE9CAN_SPEED9CAN_CLOCK
                0x080041ec      0x398 ./Core/Src/stm32-hal-mcp2515/mcp2515.o
                0x080041ec                MCP2515::setBitrate(CAN_SPEED, CAN_CLOCK)
 .text._ZN7MCP25159prepareIdEPhbm
                0x08004584       0xbc ./Core/Src/stm32-hal-mcp2515/mcp2515.o
                0x08004584                MCP2515::prepareId(unsigned char*, bool, unsigned long)
 .text._ZN7MCP251513setFilterMaskENS_4MASKEbm
                0x08004640       0x68 ./Core/Src/stm32-hal-mcp2515/mcp2515.o
                0x08004640                MCP2515::setFilterMask(MCP2515::MASK, bool, unsigned long)
 .text._ZN7MCP25159setFilterENS_3RXFEbm
                0x080046a8       0x9c ./Core/Src/stm32-hal-mcp2515/mcp2515.o
                0x080046a8                MCP2515::setFilter(MCP2515::RXF, bool, unsigned long)
 .text._ZN7MCP251511sendMessageENS_4TXBnEPK9can_frame
                0x08004744       0xf8 ./Core/Src/stm32-hal-mcp2515/mcp2515.o
                0x08004744                MCP2515::sendMessage(MCP2515::TXBn, can_frame const*)
 .text._ZN7MCP251511sendMessageEPK9can_frame
                0x0800483c       0x98 ./Core/Src/stm32-hal-mcp2515/mcp2515.o
                0x0800483c                MCP2515::sendMessage(can_frame const*)
 .text._ZN7MCP251511readMessageENS_4RXBnEP9can_frame
                0x080048d4       0xd8 ./Core/Src/stm32-hal-mcp2515/mcp2515.o
                0x080048d4                MCP2515::readMessage(MCP2515::RXBn, can_frame*)
 .text._ZN7MCP251511readMessageEP9can_frame
                0x080049ac       0x56 ./Core/Src/stm32-hal-mcp2515/mcp2515.o
                0x080049ac                MCP2515::readMessage(can_frame*)
 *fill*         0x08004a02        0x2 
 .text.Reset_Handler
                0x08004a04       0x50 ./Core/Startup/startup_stm32f401ccux.o
                0x08004a04                Reset_Handler
 .text.Default_Handler
                0x08004a54        0x2 ./Core/Startup/startup_stm32f401ccux.o
                0x08004a54                RTC_Alarm_IRQHandler
                0x08004a54                EXTI2_IRQHandler
                0x08004a54                SPI4_IRQHandler
                0x08004a54                TIM1_CC_IRQHandler
                0x08004a54                DMA2_Stream5_IRQHandler
                0x08004a54                DMA1_Stream5_IRQHandler
                0x08004a54                PVD_IRQHandler
                0x08004a54                SDIO_IRQHandler
                0x08004a54                TAMP_STAMP_IRQHandler
                0x08004a54                EXTI3_IRQHandler
                0x08004a54                TIM1_UP_TIM10_IRQHandler
                0x08004a54                I2C3_ER_IRQHandler
                0x08004a54                EXTI0_IRQHandler
                0x08004a54                I2C2_EV_IRQHandler
                0x08004a54                DMA1_Stream2_IRQHandler
                0x08004a54                FPU_IRQHandler
                0x08004a54                DMA2_Stream2_IRQHandler
                0x08004a54                SPI1_IRQHandler
                0x08004a54                TIM1_BRK_TIM9_IRQHandler
                0x08004a54                USART6_IRQHandler
                0x08004a54                DMA2_Stream0_IRQHandler
                0x08004a54                TIM4_IRQHandler
                0x08004a54                I2C1_EV_IRQHandler
                0x08004a54                DMA1_Stream6_IRQHandler
                0x08004a54                DMA1_Stream1_IRQHandler
                0x08004a54                TIM3_IRQHandler
                0x08004a54                RCC_IRQHandler
                0x08004a54                Default_Handler
                0x08004a54                ADC_IRQHandler
                0x08004a54                DMA1_Stream7_IRQHandler
                0x08004a54                TIM5_IRQHandler
                0x08004a54                DMA2_Stream7_IRQHandler
                0x08004a54                I2C3_EV_IRQHandler
                0x08004a54                RTC_WKUP_IRQHandler
                0x08004a54                SPI2_IRQHandler
                0x08004a54                EXTI4_IRQHandler
                0x08004a54                WWDG_IRQHandler
                0x08004a54                TIM2_IRQHandler
                0x08004a54                OTG_FS_WKUP_IRQHandler
                0x08004a54                TIM1_TRG_COM_TIM11_IRQHandler
                0x08004a54                EXTI1_IRQHandler
                0x08004a54                USART2_IRQHandler
                0x08004a54                I2C2_ER_IRQHandler
                0x08004a54                DMA2_Stream1_IRQHandler
                0x08004a54                FLASH_IRQHandler
                0x08004a54                DMA2_Stream4_IRQHandler
                0x08004a54                USART1_IRQHandler
                0x08004a54                SPI3_IRQHandler
                0x08004a54                DMA1_Stream4_IRQHandler
                0x08004a54                I2C1_ER_IRQHandler
                0x08004a54                DMA2_Stream6_IRQHandler
                0x08004a54                DMA1_Stream3_IRQHandler
 *fill*         0x08004a56        0x2 
 .text.HAL_Init
                0x08004a58       0x44 ./Drivers/STM32F4xx_HAL_Driver/Src/stm32f4xx_hal.o
                0x08004a58                HAL_Init
 .text.HAL_InitTick
                0x08004a9c       0x60 ./Drivers/STM32F4xx_HAL_Driver/Src/stm32f4xx_hal.o
                0x08004a9c                HAL_InitTick
 .text.HAL_IncTick
                0x08004afc       0x28 ./Drivers/STM32F4xx_HAL_Driver/Src/stm32f4xx_hal.o
                0x08004afc                HAL_IncTick
 .text.HAL_GetTick
                0x08004b24       0x18 ./Drivers/STM32F4xx_HAL_Driver/Src/stm32f4xx_hal.o
                0x08004b24                HAL_GetTick
 .text.HAL_Delay
                0x08004b3c       0x48 ./Drivers/STM32F4xx_HAL_Driver/Src/stm32f4xx_hal.o
                0x08004b3c                HAL_Delay
 .text.__NVIC_SetPriorityGrouping
                0x08004b84       0x48 ./Drivers/STM32F4xx_HAL_Driver/Src/stm32f4xx_hal_cortex.o
 .text.__NVIC_GetPriorityGrouping
                0x08004bcc       0x1c ./Drivers/STM32F4xx_HAL_Driver/Src/stm32f4xx_hal_cortex.o
 .text.__NVIC_EnableIRQ
                0x08004be8       0x3c ./Drivers/STM32F4xx_HAL_Driver/Src/stm32f4xx_hal_cortex.o
 .text.__NVIC_SetPriority
                0x08004c24       0x54 ./Drivers/STM32F4xx_HAL_Driver/Src/stm32f4xx_hal_cortex.o
 .text.NVIC_EncodePriority
                0x08004c78       0x66 ./Drivers/STM32F4xx_HAL_Driver/Src/stm32f4xx_hal_cortex.o
 *fill*         0x08004cde        0x2 
 .text.SysTick_Config
                0x08004ce0       0x44 ./Drivers/STM32F4xx_HAL_Driver/Src/stm32f4xx_hal_cortex.o
 .text.HAL_NVIC_SetPriorityGrouping
                0x08004d24       0x16 ./Drivers/STM32F4xx_HAL_Driver/Src/stm32f4xx_hal_cortex.o
                0x08004d24                HAL_NVIC_SetPriorityGrouping
 .text.HAL_NVIC_SetPriority
                0x08004d3a       0x38 ./Drivers/STM32F4xx_HAL_Driver/Src/stm32f4xx_hal_cortex.o
                0x08004d3a                HAL_NVIC_SetPriority
 .text.HAL_NVIC_EnableIRQ
                0x08004d72       0x1c ./Drivers/STM32F4xx_HAL_Driver/Src/stm32f4xx_hal_cortex.o
                0x08004d72                HAL_NVIC_EnableIRQ
 .text.HAL_SYSTICK_Config
                0x08004d8e       0x18 ./Drivers/STM32F4xx_HAL_Driver/Src/stm32f4xx_hal_cortex.o
                0x08004d8e                HAL_SYSTICK_Config
 *fill*         0x08004da6        0x2 
 .text.HAL_DMA_Init
                0x08004da8      0x15c ./Drivers/STM32F4xx_HAL_Driver/Src/stm32f4xx_hal_dma.o
                0x08004da8                HAL_DMA_Init
 .text.HAL_DMA_Start_IT
                0x08004f04       0xb0 ./Drivers/STM32F4xx_HAL_Driver/Src/stm32f4xx_hal_dma.o
                0x08004f04                HAL_DMA_Start_IT
 .text.HAL_DMA_Abort_IT
                0x08004fb4       0x44 ./Drivers/STM32F4xx_HAL_Driver/Src/stm32f4xx_hal_dma.o
                0x08004fb4                HAL_DMA_Abort_IT
 .text.HAL_DMA_IRQHandler
                0x08004ff8      0x314 ./Drivers/STM32F4xx_HAL_Driver/Src/stm32f4xx_hal_dma.o
                0x08004ff8                HAL_DMA_IRQHandler
 .text.DMA_SetConfig
                0x0800530c       0x5c ./Drivers/STM32F4xx_HAL_Driver/Src/stm32f4xx_hal_dma.o
 .text.DMA_CalcBaseAndBitshift
                0x08005368       0x6c ./Drivers/STM32F4xx_HAL_Driver/Src/stm32f4xx_hal_dma.o
 .text.DMA_CheckFifoParam
                0x080053d4       0xf8 ./Drivers/STM32F4xx_HAL_Driver/Src/stm32f4xx_hal_dma.o
 .text.HAL_GPIO_Init
                0x080054cc      0x308 ./Drivers/STM32F4xx_HAL_Driver/Src/stm32f4xx_hal_gpio.o
                0x080054cc                HAL_GPIO_Init
 .text.HAL_GPIO_WritePin
                0x080057d4       0x32 ./Drivers/STM32F4xx_HAL_Driver/Src/stm32f4xx_hal_gpio.o
                0x080057d4                HAL_GPIO_WritePin
 *fill*         0x08005806        0x2 
 .text.HAL_GPIO_EXTI_IRQHandler
                0x08005808       0x30 ./Drivers/STM32F4xx_HAL_Driver/Src/stm32f4xx_hal_gpio.o
                0x08005808                HAL_GPIO_EXTI_IRQHandler
 .text.HAL_PCD_Init
                0x08005838      0x21e ./Drivers/STM32F4xx_HAL_Driver/Src/stm32f4xx_hal_pcd.o
                0x08005838                HAL_PCD_Init
 .text.HAL_PCD_Start
                0x08005a56       0x6a ./Drivers/STM32F4xx_HAL_Driver/Src/stm32f4xx_hal_pcd.o
                0x08005a56                HAL_PCD_Start
 .text.HAL_PCD_IRQHandler
                0x08005ac0      0x942 ./Drivers/STM32F4xx_HAL_Driver/Src/stm32f4xx_hal_pcd.o
                0x08005ac0                HAL_PCD_IRQHandler
 .text.HAL_PCD_SetAddress
                0x08006402       0x48 ./Drivers/STM32F4xx_HAL_Driver/Src/stm32f4xx_hal_pcd.o
                0x08006402                HAL_PCD_SetAddress
 .text.HAL_PCD_EP_Open
                0x0800644a       0xd4 ./Drivers/STM32F4xx_HAL_Driver/Src/stm32f4xx_hal_pcd.o
                0x0800644a                HAL_PCD_EP_Open
 .text.HAL_PCD_EP_Close
                0x0800651e       0x94 ./Drivers/STM32F4xx_HAL_Driver/Src/stm32f4xx_hal_pcd.o
                0x0800651e                HAL_PCD_EP_Close
 .text.HAL_PCD_EP_Receive
                0x080065b2       0x76 ./Drivers/STM32F4xx_HAL_Driver/Src/stm32f4xx_hal_pcd.o
                0x080065b2                HAL_PCD_EP_Receive
 .text.HAL_PCD_EP_GetRxCount
                0x08006628       0x30 ./Drivers/STM32F4xx_HAL_Driver/Src/stm32f4xx_hal_pcd.o
                0x08006628                HAL_PCD_EP_GetRxCount
 .text.HAL_PCD_EP_Transmit
                0x08006658       0x74 ./Drivers/STM32F4xx_HAL_Driver/Src/stm32f4xx_hal_pcd.o
                0x08006658                HAL_PCD_EP_Transmit
 .text.HAL_PCD_EP_SetStall
                0x080066cc       0xc6 ./Drivers/STM32F4xx_HAL_Driver/Src/stm32f4xx_hal_pcd.o
                0x080066cc                HAL_PCD_EP_SetStall
 .text.HAL_PCD_EP_ClrStall
                0x08006792       0xac ./Drivers/STM32F4xx_HAL_Driver/Src/stm32f4xx_hal_pcd.o
                0x08006792                HAL_PCD_EP_ClrStall
 .text.HAL_PCD_EP_Abort
                0x0800683e       0x62 ./Drivers/STM32F4xx_HAL_Driver/Src/stm32f4xx_hal_pcd.o
                0x0800683e                HAL_PCD_EP_Abort
 .text.PCD_WriteEmptyTxFifo
                0x080068a0      0x118 ./Drivers/STM32F4xx_HAL_Driver/Src/stm32f4xx_hal_pcd.o
 .text.PCD_EP_OutXfrComplete_int
                0x080069b8      0x1d0 ./Drivers/STM32F4xx_HAL_Driver/Src/stm32f4xx_hal_pcd.o
 .text.PCD_EP_OutSetupPacket_int
                0x08006b88       0x8c ./Drivers/STM32F4xx_HAL_Driver/Src/stm32f4xx_hal_pcd.o
 .text.HAL_PCDEx_SetTxFiFo
                0x08006c14       0x8e ./Drivers/STM32F4xx_HAL_Driver/Src/stm32f4xx_hal_pcd_ex.o
                0x08006c14                HAL_PCDEx_SetTxFiFo
 .text.HAL_PCDEx_SetRxFiFo
                0x08006ca2       0x22 ./Drivers/STM32F4xx_HAL_Driver/Src/stm32f4xx_hal_pcd_ex.o
                0x08006ca2                HAL_PCDEx_SetRxFiFo
 .text.HAL_PCDEx_LPM_Callback
                0x08006cc4       0x18 ./Drivers/STM32F4xx_HAL_Driver/Src/stm32f4xx_hal_pcd_ex.o
                0x08006cc4                HAL_PCDEx_LPM_Callback
 .text.HAL_RCC_OscConfig
                0x08006cdc      0x4f0 ./Drivers/STM32F4xx_HAL_Driver/Src/stm32f4xx_hal_rcc.o
                0x08006cdc                HAL_RCC_OscConfig
 .text.HAL_RCC_ClockConfig
                0x080071cc      0x1cc ./Drivers/STM32F4xx_HAL_Driver/Src/stm32f4xx_hal_rcc.o
                0x080071cc                HAL_RCC_ClockConfig
 .text.HAL_RCC_GetSysClockFreq
                0x08007398      0x188 ./Drivers/STM32F4xx_HAL_Driver/Src/stm32f4xx_hal_rcc.o
                0x08007398                HAL_RCC_GetSysClockFreq
 .text.HAL_RCC_GetHCLKFreq
                0x08007520       0x18 ./Drivers/STM32F4xx_HAL_Driver/Src/stm32f4xx_hal_rcc.o
                0x08007520                HAL_RCC_GetHCLKFreq
 .text.HAL_SPI_Init
                0x08007538      0x112 ./Drivers/STM32F4xx_HAL_Driver/Src/stm32f4xx_hal_spi.o
                0x08007538                HAL_SPI_Init
 .text.HAL_SPI_Transmit
                0x0800764a      0x288 ./Drivers/STM32F4xx_HAL_Driver/Src/stm32f4xx_hal_spi.o
                0x0800764a                HAL_SPI_Transmit
 .text.HAL_SPI_Receive
                0x080078d2      0x232 ./Drivers/STM32F4xx_HAL_Driver/Src/stm32f4xx_hal_spi.o
                0x080078d2                HAL_SPI_Receive
 .text.HAL_SPI_TransmitReceive
                0x08007b04      0x352 ./Drivers/STM32F4xx_HAL_Driver/Src/stm32f4xx_hal_spi.o
                0x08007b04                HAL_SPI_TransmitReceive
 *fill*         0x08007e56        0x2 
 .text.HAL_SPI_Transmit_DMA
                0x08007e58      0x164 ./Drivers/STM32F4xx_HAL_Driver/Src/stm32f4xx_hal_spi.o
                0x08007e58                HAL_SPI_Transmit_DMA
 .text.HAL_SPI_TxHalfCpltCallback
                0x08007fbc       0x14 ./Drivers/STM32F4xx_HAL_Driver/Src/stm32f4xx_hal_spi.o
                0x08007fbc                HAL_SPI_TxHalfCpltCallback
 .text.HAL_SPI_ErrorCallback
                0x08007fd0       0x14 ./Drivers/STM32F4xx_HAL_Driver/Src/stm32f4xx_hal_spi.o
                0x08007fd0                HAL_SPI_ErrorCallback
 .text.SPI_DMATransmitCplt
                0x08007fe4       0xa8 ./Drivers/STM32F4xx_HAL_Driver/Src/stm32f4xx_hal_spi.o
 .text.SPI_DMAHalfTransmitCplt
                0x0800808c       0x1c ./Drivers/STM32F4xx_HAL_Driver/Src/stm32f4xx_hal_spi.o
 .text.SPI_DMAError
                0x080080a8       0x40 ./Drivers/STM32F4xx_HAL_Driver/Src/stm32f4xx_hal_spi.o
 .text.SPI_WaitFlagStateUntilTimeout
                0x080080e8      0x110 ./Drivers/STM32F4xx_HAL_Driver/Src/stm32f4xx_hal_spi.o
 .text.SPI_EndRxTransaction
                0x080081f8       0xca ./Drivers/STM32F4xx_HAL_Driver/Src/stm32f4xx_hal_spi.o
 *fill*         0x080082c2        0x2 
 .text.SPI_EndRxTxTransaction
                0x080082c4       0xa8 ./Drivers/STM32F4xx_HAL_Driver/Src/stm32f4xx_hal_spi.o
 .text.HAL_TIM_Base_Init
                0x0800836c       0x9e ./Drivers/STM32F4xx_HAL_Driver/Src/stm32f4xx_hal_tim.o
                0x0800836c                HAL_TIM_Base_Init
 .text.HAL_TIM_PWM_Init
                0x0800840a       0x9e ./Drivers/STM32F4xx_HAL_Driver/Src/stm32f4xx_hal_tim.o
                0x0800840a                HAL_TIM_PWM_Init
 .text.HAL_TIM_PWM_MspInit
                0x080084a8       0x14 ./Drivers/STM32F4xx_HAL_Driver/Src/stm32f4xx_hal_tim.o
                0x080084a8                HAL_TIM_PWM_MspInit
 .text.HAL_TIM_PWM_Start_DMA
                0x080084bc      0x360 ./Drivers/STM32F4xx_HAL_Driver/Src/stm32f4xx_hal_tim.o
                0x080084bc                HAL_TIM_PWM_Start_DMA
 .text.HAL_TIM_PWM_Stop_DMA
                0x0800881c      0x18c ./Drivers/STM32F4xx_HAL_Driver/Src/stm32f4xx_hal_tim.o
                0x0800881c                HAL_TIM_PWM_Stop_DMA
 .text.HAL_TIM_PWM_ConfigChannel
                0x080089a8      0x184 ./Drivers/STM32F4xx_HAL_Driver/Src/stm32f4xx_hal_tim.o
                0x080089a8                HAL_TIM_PWM_ConfigChannel
 .text.HAL_TIM_ConfigClockSource
                0x08008b2c      0x18e ./Drivers/STM32F4xx_HAL_Driver/Src/stm32f4xx_hal_tim.o
                0x08008b2c                HAL_TIM_ConfigClockSource
 .text.HAL_TIM_PWM_PulseFinishedHalfCpltCallback
                0x08008cba       0x14 ./Drivers/STM32F4xx_HAL_Driver/Src/stm32f4xx_hal_tim.o
                0x08008cba                HAL_TIM_PWM_PulseFinishedHalfCpltCallback
 .text.HAL_TIM_ErrorCallback
                0x08008cce       0x14 ./Drivers/STM32F4xx_HAL_Driver/Src/stm32f4xx_hal_tim.o
                0x08008cce                HAL_TIM_ErrorCallback
 .text.TIM_DMAError
                0x08008ce2       0x92 ./Drivers/STM32F4xx_HAL_Driver/Src/stm32f4xx_hal_tim.o
                0x08008ce2                TIM_DMAError
 .text.TIM_DMADelayPulseCplt
                0x08008d74       0xa8 ./Drivers/STM32F4xx_HAL_Driver/Src/stm32f4xx_hal_tim.o
 .text.TIM_DMADelayPulseHalfCplt
                0x08008e1c       0x68 ./Drivers/STM32F4xx_HAL_Driver/Src/stm32f4xx_hal_tim.o
                0x08008e1c                TIM_DMADelayPulseHalfCplt
 .text.TIM_Base_SetConfig
                0x08008e84      0x118 ./Drivers/STM32F4xx_HAL_Driver/Src/stm32f4xx_hal_tim.o
                0x08008e84                TIM_Base_SetConfig
 .text.TIM_OC1_SetConfig
                0x08008f9c       0xcc ./Drivers/STM32F4xx_HAL_Driver/Src/stm32f4xx_hal_tim.o
 .text.TIM_OC2_SetConfig
                0x08009068       0xd8 ./Drivers/STM32F4xx_HAL_Driver/Src/stm32f4xx_hal_tim.o
                0x08009068                TIM_OC2_SetConfig
 .text.TIM_OC3_SetConfig
                0x08009140       0xd4 ./Drivers/STM32F4xx_HAL_Driver/Src/stm32f4xx_hal_tim.o
 .text.TIM_OC4_SetConfig
                0x08009214       0xa0 ./Drivers/STM32F4xx_HAL_Driver/Src/stm32f4xx_hal_tim.o
 .text.TIM_TI1_ConfigInputStage
                0x080092b4       0x5e ./Drivers/STM32F4xx_HAL_Driver/Src/stm32f4xx_hal_tim.o
 .text.TIM_TI2_ConfigInputStage
                0x08009312       0x60 ./Drivers/STM32F4xx_HAL_Driver/Src/stm32f4xx_hal_tim.o
 .text.TIM_ITRx_SetConfig
                0x08009372       0x36 ./Drivers/STM32F4xx_HAL_Driver/Src/stm32f4xx_hal_tim.o
 .text.TIM_ETR_SetConfig
                0x080093a8       0x40 ./Drivers/STM32F4xx_HAL_Driver/Src/stm32f4xx_hal_tim.o
                0x080093a8                TIM_ETR_SetConfig
 .text.TIM_CCxChannelCmd
                0x080093e8       0x4a ./Drivers/STM32F4xx_HAL_Driver/Src/stm32f4xx_hal_tim.o
                0x080093e8                TIM_CCxChannelCmd
 *fill*         0x08009432        0x2 
 .text.HAL_TIMEx_MasterConfigSynchronization
                0x08009434       0xdc ./Drivers/STM32F4xx_HAL_Driver/Src/stm32f4xx_hal_tim_ex.o
                0x08009434                HAL_TIMEx_MasterConfigSynchronization
 .text.USB_CoreInit
                0x08009510       0xc8 ./Drivers/STM32F4xx_HAL_Driver/Src/stm32f4xx_ll_usb.o
                0x08009510                USB_CoreInit
 .text.USB_SetTurnaroundTime
                0x080095d8      0x144 ./Drivers/STM32F4xx_HAL_Driver/Src/stm32f4xx_ll_usb.o
                0x080095d8                USB_SetTurnaroundTime
 .text.USB_EnableGlobalInt
                0x0800971c       0x22 ./Drivers/STM32F4xx_HAL_Driver/Src/stm32f4xx_ll_usb.o
                0x0800971c                USB_EnableGlobalInt
 .text.USB_DisableGlobalInt
                0x0800973e       0x22 ./Drivers/STM32F4xx_HAL_Driver/Src/stm32f4xx_ll_usb.o
                0x0800973e                USB_DisableGlobalInt
 .text.USB_SetCurrentMode
                0x08009760       0x98 ./Drivers/STM32F4xx_HAL_Driver/Src/stm32f4xx_ll_usb.o
                0x08009760                USB_SetCurrentMode
 .text.USB_DevInit
                0x080097f8      0x2c8 ./Drivers/STM32F4xx_HAL_Driver/Src/stm32f4xx_ll_usb.o
                0x080097f8                USB_DevInit
 .text.USB_FlushTxFifo
                0x08009ac0       0x64 ./Drivers/STM32F4xx_HAL_Driver/Src/stm32f4xx_ll_usb.o
                0x08009ac0                USB_FlushTxFifo
 .text.USB_FlushRxFifo
                0x08009b24       0x5c ./Drivers/STM32F4xx_HAL_Driver/Src/stm32f4xx_ll_usb.o
                0x08009b24                USB_FlushRxFifo
 .text.USB_SetDevSpeed
                0x08009b80       0x32 ./Drivers/STM32F4xx_HAL_Driver/Src/stm32f4xx_ll_usb.o
                0x08009b80                USB_SetDevSpeed
 .text.USB_GetDevSpeed
                0x08009bb2       0x4a ./Drivers/STM32F4xx_HAL_Driver/Src/stm32f4xx_ll_usb.o
                0x08009bb2                USB_GetDevSpeed
 .text.USB_ActivateEndpoint
                0x08009bfc      0x10e ./Drivers/STM32F4xx_HAL_Driver/Src/stm32f4xx_ll_usb.o
                0x08009bfc                USB_ActivateEndpoint
 *fill*         0x08009d0a        0x2 
 .text.USB_DeactivateEndpoint
                0x08009d0c      0x1b8 ./Drivers/STM32F4xx_HAL_Driver/Src/stm32f4xx_ll_usb.o
                0x08009d0c                USB_DeactivateEndpoint
 .text.USB_EPStartXfer
                0x08009ec4      0x53c ./Drivers/STM32F4xx_HAL_Driver/Src/stm32f4xx_ll_usb.o
                0x08009ec4                USB_EPStartXfer
 .text.USB_EPStopXfer
                0x0800a400      0x154 ./Drivers/STM32F4xx_HAL_Driver/Src/stm32f4xx_ll_usb.o
                0x0800a400                USB_EPStopXfer
 .text.USB_WritePacket
                0x0800a554       0x7c ./Drivers/STM32F4xx_HAL_Driver/Src/stm32f4xx_ll_usb.o
                0x0800a554                USB_WritePacket
 .text.USB_ReadPacket
                0x0800a5d0       0xb0 ./Drivers/STM32F4xx_HAL_Driver/Src/stm32f4xx_ll_usb.o
                0x0800a5d0                USB_ReadPacket
 .text.USB_EPSetStall
                0x0800a680       0xdc ./Drivers/STM32F4xx_HAL_Driver/Src/stm32f4xx_ll_usb.o
                0x0800a680                USB_EPSetStall
 .text.USB_EPClearStall
                0x0800a75c       0xcc ./Drivers/STM32F4xx_HAL_Driver/Src/stm32f4xx_ll_usb.o
                0x0800a75c                USB_EPClearStall
 .text.USB_SetDevAddress
                0x0800a828       0x4c ./Drivers/STM32F4xx_HAL_Driver/Src/stm32f4xx_ll_usb.o
                0x0800a828                USB_SetDevAddress
 .text.USB_DevConnect
                0x0800a874       0x42 ./Drivers/STM32F4xx_HAL_Driver/Src/stm32f4xx_ll_usb.o
                0x0800a874                USB_DevConnect
 .text.USB_DevDisconnect
                0x0800a8b6       0x42 ./Drivers/STM32F4xx_HAL_Driver/Src/stm32f4xx_ll_usb.o
                0x0800a8b6                USB_DevDisconnect
 .text.USB_ReadInterrupts
                0x0800a8f8       0x26 ./Drivers/STM32F4xx_HAL_Driver/Src/stm32f4xx_ll_usb.o
                0x0800a8f8                USB_ReadInterrupts
 .text.USB_ReadDevAllOutEpInterrupt
                0x0800a91e       0x34 ./Drivers/STM32F4xx_HAL_Driver/Src/stm32f4xx_ll_usb.o
                0x0800a91e                USB_ReadDevAllOutEpInterrupt
 .text.USB_ReadDevAllInEpInterrupt
                0x0800a952       0x34 ./Drivers/STM32F4xx_HAL_Driver/Src/stm32f4xx_ll_usb.o
                0x0800a952                USB_ReadDevAllInEpInterrupt
 .text.USB_ReadDevOutEPInterrupt
                0x0800a986       0x3c ./Drivers/STM32F4xx_HAL_Driver/Src/stm32f4xx_ll_usb.o
                0x0800a986                USB_ReadDevOutEPInterrupt
 .text.USB_ReadDevInEPInterrupt
                0x0800a9c2       0x5c ./Drivers/STM32F4xx_HAL_Driver/Src/stm32f4xx_ll_usb.o
                0x0800a9c2                USB_ReadDevInEPInterrupt
 .text.USB_GetMode
                0x0800aa1e       0x1c ./Drivers/STM32F4xx_HAL_Driver/Src/stm32f4xx_ll_usb.o
                0x0800aa1e                USB_GetMode
 .text.USB_ActivateSetup
                0x0800aa3a       0x46 ./Drivers/STM32F4xx_HAL_Driver/Src/stm32f4xx_ll_usb.o
                0x0800aa3a                USB_ActivateSetup
 .text.USB_EP0_OutStart
                0x0800aa80       0xbc ./Drivers/STM32F4xx_HAL_Driver/Src/stm32f4xx_ll_usb.o
                0x0800aa80                USB_EP0_OutStart
 .text.USB_CoreReset
                0x0800ab3c       0x62 ./Drivers/STM32F4xx_HAL_Driver/Src/stm32f4xx_ll_usb.o
 *fill*         0x0800ab9e        0x2 
 .text.MX_FATFS_Init
                0x0800aba0       0x24 ./FATFS/App/fatfs.o
                0x0800aba0                MX_FATFS_Init
 .text.get_fattime
                0x0800abc4       0x10 ./FATFS/App/fatfs.o
                0x0800abc4                get_fattime
 .text.USER_initialize
                0x0800abd4       0x1c ./FATFS/Target/user_diskio.o
                0x0800abd4                USER_initialize
 .text.USER_status
                0x0800abf0       0x1c ./FATFS/Target/user_diskio.o
                0x0800abf0                USER_status
 .text.USER_read
                0x0800ac0c       0x26 ./FATFS/Target/user_diskio.o
                0x0800ac0c                USER_read
 .text.USER_write
                0x0800ac32       0x26 ./FATFS/Target/user_diskio.o
                0x0800ac32                USER_write
 .text.USER_ioctl
                0x0800ac58       0x26 ./FATFS/Target/user_diskio.o
                0x0800ac58                USER_ioctl
 *fill*         0x0800ac7e        0x2 
 .text.USBD_CDC_Init
                0x0800ac80      0x1f0 ./Middlewares/ST/STM32_USB_Device_Library/Class/CDC/Src/usbd_cdc.o
 .text.USBD_CDC_DeInit
                0x0800ae70      0x104 ./Middlewares/ST/STM32_USB_Device_Library/Class/CDC/Src/usbd_cdc.o
 .text.USBD_CDC_Setup
                0x0800af74      0x1b8 ./Middlewares/ST/STM32_USB_Device_Library/Class/CDC/Src/usbd_cdc.o
 .text.USBD_CDC_DataIn
                0x0800b12c       0xfe ./Middlewares/ST/STM32_USB_Device_Library/Class/CDC/Src/usbd_cdc.o
 .text.USBD_CDC_DataOut
                0x0800b22a       0x70 ./Middlewares/ST/STM32_USB_Device_Library/Class/CDC/Src/usbd_cdc.o
 .text.USBD_CDC_EP0_RxReady
                0x0800b29a       0x74 ./Middlewares/ST/STM32_USB_Device_Library/Class/CDC/Src/usbd_cdc.o
 *fill*         0x0800b30e        0x2 
 .text.USBD_CDC_GetFSCfgDesc
                0x0800b310       0x70 ./Middlewares/ST/STM32_USB_Device_Library/Class/CDC/Src/usbd_cdc.o
 .text.USBD_CDC_GetHSCfgDesc
                0x0800b380       0x70 ./Middlewares/ST/STM32_USB_Device_Library/Class/CDC/Src/usbd_cdc.o
 .text.USBD_CDC_GetOtherSpeedCfgDesc
                0x0800b3f0       0x70 ./Middlewares/ST/STM32_USB_Device_Library/Class/CDC/Src/usbd_cdc.o
 .text.USBD_CDC_GetDeviceQualifierDescriptor
                0x0800b460       0x20 ./Middlewares/ST/STM32_USB_Device_Library/Class/CDC/Src/usbd_cdc.o
                0x0800b460                USBD_CDC_GetDeviceQualifierDescriptor
 .text.USBD_CDC_RegisterInterface
                0x0800b480       0x34 ./Middlewares/ST/STM32_USB_Device_Library/Class/CDC/Src/usbd_cdc.o
                0x0800b480                USBD_CDC_RegisterInterface
 .text.USBD_CDC_SetTxBuffer
                0x0800b4b4       0x44 ./Middlewares/ST/STM32_USB_Device_Library/Class/CDC/Src/usbd_cdc.o
                0x0800b4b4                USBD_CDC_SetTxBuffer
 .text.USBD_CDC_SetRxBuffer
                0x0800b4f8       0x3a ./Middlewares/ST/STM32_USB_Device_Library/Class/CDC/Src/usbd_cdc.o
                0x0800b4f8                USBD_CDC_SetRxBuffer
 *fill*         0x0800b532        0x2 
 .text.USBD_CDC_TransmitPacket
                0x0800b534       0x80 ./Middlewares/ST/STM32_USB_Device_Library/Class/CDC/Src/usbd_cdc.o
                0x0800b534                USBD_CDC_TransmitPacket
 .text.USBD_CDC_ReceivePacket
                0x0800b5b4       0x6c ./Middlewares/ST/STM32_USB_Device_Library/Class/CDC/Src/usbd_cdc.o
                0x0800b5b4                USBD_CDC_ReceivePacket
 .text.USBD_Init
                0x0800b620       0x60 ./Middlewares/ST/STM32_USB_Device_Library/Core/Src/usbd_core.o
                0x0800b620                USBD_Init
 .text.USBD_RegisterClass
                0x0800b680       0x6c ./Middlewares/ST/STM32_USB_Device_Library/Core/Src/usbd_core.o
                0x0800b680                USBD_RegisterClass
 .text.USBD_Start
                0x0800b6ec       0x18 ./Middlewares/ST/STM32_USB_Device_Library/Core/Src/usbd_core.o
                0x0800b6ec                USBD_Start
 .text.USBD_RunTestMode
                0x0800b704       0x16 ./Middlewares/ST/STM32_USB_Device_Library/Core/Src/usbd_core.o
                0x0800b704                USBD_RunTestMode
 .text.USBD_SetClassConfig
                0x0800b71a       0x38 ./Middlewares/ST/STM32_USB_Device_Library/Core/Src/usbd_core.o
                0x0800b71a                USBD_SetClassConfig
 .text.USBD_ClrClassConfig
                0x0800b752       0x34 ./Middlewares/ST/STM32_USB_Device_Library/Core/Src/usbd_core.o
                0x0800b752                USBD_ClrClassConfig
 .text.USBD_LL_SetupStage
                0x0800b786       0xaa ./Middlewares/ST/STM32_USB_Device_Library/Core/Src/usbd_core.o
                0x0800b786                USBD_LL_SetupStage
 .text.USBD_LL_DataOutStage
                0x0800b830      0x166 ./Middlewares/ST/STM32_USB_Device_Library/Core/Src/usbd_core.o
                0x0800b830                USBD_LL_DataOutStage
 .text.USBD_LL_DataInStage
                0x0800b996      0x164 ./Middlewares/ST/STM32_USB_Device_Library/Core/Src/usbd_core.o
                0x0800b996                USBD_LL_DataInStage
 .text.USBD_LL_Reset
                0x0800bafa       0xa4 ./Middlewares/ST/STM32_USB_Device_Library/Core/Src/usbd_core.o
                0x0800bafa                USBD_LL_Reset
 .text.USBD_LL_SetSpeed
                0x0800bb9e       0x20 ./Middlewares/ST/STM32_USB_Device_Library/Core/Src/usbd_core.o
                0x0800bb9e                USBD_LL_SetSpeed
 .text.USBD_LL_Suspend
                0x0800bbbe       0x38 ./Middlewares/ST/STM32_USB_Device_Library/Core/Src/usbd_core.o
                0x0800bbbe                USBD_LL_Suspend
 .text.USBD_LL_Resume
                0x0800bbf6       0x30 ./Middlewares/ST/STM32_USB_Device_Library/Core/Src/usbd_core.o
                0x0800bbf6                USBD_LL_Resume
 .text.USBD_LL_SOF
                0x0800bc26       0x40 ./Middlewares/ST/STM32_USB_Device_Library/Core/Src/usbd_core.o
                0x0800bc26                USBD_LL_SOF
 .text.USBD_LL_IsoINIncomplete
                0x0800bc66       0x64 ./Middlewares/ST/STM32_USB_Device_Library/Core/Src/usbd_core.o
                0x0800bc66                USBD_LL_IsoINIncomplete
 .text.USBD_LL_IsoOUTIncomplete
                0x0800bcca       0x64 ./Middlewares/ST/STM32_USB_Device_Library/Core/Src/usbd_core.o
                0x0800bcca                USBD_LL_IsoOUTIncomplete
 .text.USBD_LL_DevConnected
                0x0800bd2e       0x16 ./Middlewares/ST/STM32_USB_Device_Library/Core/Src/usbd_core.o
                0x0800bd2e                USBD_LL_DevConnected
 .text.USBD_LL_DevDisconnected
                0x0800bd44       0x46 ./Middlewares/ST/STM32_USB_Device_Library/Core/Src/usbd_core.o
                0x0800bd44                USBD_LL_DevDisconnected
 .text.USBD_CoreFindIF
                0x0800bd8a       0x1a ./Middlewares/ST/STM32_USB_Device_Library/Core/Src/usbd_core.o
                0x0800bd8a                USBD_CoreFindIF
 .text.USBD_CoreFindEP
                0x0800bda4       0x1a ./Middlewares/ST/STM32_USB_Device_Library/Core/Src/usbd_core.o
                0x0800bda4                USBD_CoreFindEP
 .text.USBD_GetEpDesc
                0x0800bdbe       0x70 ./Middlewares/ST/STM32_USB_Device_Library/Core/Src/usbd_core.o
                0x0800bdbe                USBD_GetEpDesc
 .text.USBD_GetNextDesc
                0x0800be2e       0x38 ./Middlewares/ST/STM32_USB_Device_Library/Core/Src/usbd_core.o
                0x0800be2e                USBD_GetNextDesc
 .text.SWAPBYTE
                0x0800be66       0x3e ./Middlewares/ST/STM32_USB_Device_Library/Core/Src/usbd_ctlreq.o
 .text.USBD_StdDevReq
                0x0800bea4       0xe4 ./Middlewares/ST/STM32_USB_Device_Library/Core/Src/usbd_ctlreq.o
                0x0800bea4                USBD_StdDevReq
 .text.USBD_StdItfReq
                0x0800bf88       0xd8 ./Middlewares/ST/STM32_USB_Device_Library/Core/Src/usbd_ctlreq.o
                0x0800bf88                USBD_StdItfReq
 .text.USBD_StdEPReq
                0x0800c060      0x33a ./Middlewares/ST/STM32_USB_Device_Library/Core/Src/usbd_ctlreq.o
                0x0800c060                USBD_StdEPReq
 *fill*         0x0800c39a        0x2 
 .text.USBD_GetDescriptor
                0x0800c39c      0x2d4 ./Middlewares/ST/STM32_USB_Device_Library/Core/Src/usbd_ctlreq.o
 .text.USBD_SetAddress
                0x0800c670       0x88 ./Middlewares/ST/STM32_USB_Device_Library/Core/Src/usbd_ctlreq.o
 .text.USBD_SetConfig
                0x0800c6f8      0x154 ./Middlewares/ST/STM32_USB_Device_Library/Core/Src/usbd_ctlreq.o
 .text.USBD_GetConfig
                0x0800c84c       0x6c ./Middlewares/ST/STM32_USB_Device_Library/Core/Src/usbd_ctlreq.o
 .text.USBD_GetStatus
                0x0800c8b8       0x68 ./Middlewares/ST/STM32_USB_Device_Library/Core/Src/usbd_ctlreq.o
 .text.USBD_SetFeature
                0x0800c920       0x52 ./Middlewares/ST/STM32_USB_Device_Library/Core/Src/usbd_ctlreq.o
 .text.USBD_ClrFeature
                0x0800c972       0x44 ./Middlewares/ST/STM32_USB_Device_Library/Core/Src/usbd_ctlreq.o
 .text.USBD_ParseSetupRequest
                0x0800c9b6       0x74 ./Middlewares/ST/STM32_USB_Device_Library/Core/Src/usbd_ctlreq.o
                0x0800c9b6                USBD_ParseSetupRequest
 .text.USBD_CtlError
                0x0800ca2a       0x22 ./Middlewares/ST/STM32_USB_Device_Library/Core/Src/usbd_ctlreq.o
                0x0800ca2a                USBD_CtlError
 .text.USBD_GetString
                0x0800ca4c       0xa4 ./Middlewares/ST/STM32_USB_Device_Library/Core/Src/usbd_ctlreq.o
                0x0800ca4c                USBD_GetString
 .text.USBD_GetLen
                0x0800caf0       0x34 ./Middlewares/ST/STM32_USB_Device_Library/Core/Src/usbd_ctlreq.o
 .text.USBD_CtlSendData
                0x0800cb24       0x36 ./Middlewares/ST/STM32_USB_Device_Library/Core/Src/usbd_ioreq.o
                0x0800cb24                USBD_CtlSendData
 .text.USBD_CtlContinueSendData
                0x0800cb5a       0x22 ./Middlewares/ST/STM32_USB_Device_Library/Core/Src/usbd_ioreq.o
                0x0800cb5a                USBD_CtlContinueSendData
 .text.USBD_CtlPrepareRx
                0x0800cb7c       0x3a ./Middlewares/ST/STM32_USB_Device_Library/Core/Src/usbd_ioreq.o
                0x0800cb7c                USBD_CtlPrepareRx
 .text.USBD_CtlContinueRx
                0x0800cbb6       0x22 ./Middlewares/ST/STM32_USB_Device_Library/Core/Src/usbd_ioreq.o
                0x0800cbb6                USBD_CtlContinueRx
 .text.USBD_CtlSendStatus
                0x0800cbd8       0x26 ./Middlewares/ST/STM32_USB_Device_Library/Core/Src/usbd_ioreq.o
                0x0800cbd8                USBD_CtlSendStatus
 .text.USBD_CtlReceiveStatus
                0x0800cbfe       0x26 ./Middlewares/ST/STM32_USB_Device_Library/Core/Src/usbd_ioreq.o
                0x0800cbfe                USBD_CtlReceiveStatus
 .text.disk_status
                0x0800cc24       0x34 ./Middlewares/Third_Party/FatFs/src/diskio.o
                0x0800cc24                disk_status
 .text.disk_initialize
                0x0800cc58       0x50 ./Middlewares/Third_Party/FatFs/src/diskio.o
                0x0800cc58                disk_initialize
 .text.disk_read
                0x0800cca8       0x40 ./Middlewares/Third_Party/FatFs/src/diskio.o
                0x0800cca8                disk_read
 .text.disk_write
                0x0800cce8       0x40 ./Middlewares/Third_Party/FatFs/src/diskio.o
                0x0800cce8                disk_write
 .text.disk_ioctl
                0x0800cd28       0x3c ./Middlewares/Third_Party/FatFs/src/diskio.o
                0x0800cd28                disk_ioctl
 .text.ld_word  0x0800cd64       0x32 ./Middlewares/Third_Party/FatFs/src/ff.o
 .text.ld_dword
                0x0800cd96       0x46 ./Middlewares/Third_Party/FatFs/src/ff.o
 .text.st_word  0x0800cddc       0x36 ./Middlewares/Third_Party/FatFs/src/ff.o
 .text.st_dword
                0x0800ce12       0x58 ./Middlewares/Third_Party/FatFs/src/ff.o
 .text.mem_cpy  0x0800ce6a       0x42 ./Middlewares/Third_Party/FatFs/src/ff.o
 .text.mem_set  0x0800ceac       0x36 ./Middlewares/Third_Party/FatFs/src/ff.o
 *fill*         0x0800cee2        0x2 
 .text.dec_lock
                0x0800cee4       0x78 ./Middlewares/Third_Party/FatFs/src/ff.o
 .text.clear_lock
                0x0800cf5c       0x48 ./Middlewares/Third_Party/FatFs/src/ff.o
 .text.sync_window
                0x0800cfa4       0x88 ./Middlewares/Third_Party/FatFs/src/ff.o
 .text.move_window
                0x0800d02c       0x5a ./Middlewares/Third_Party/FatFs/src/ff.o
 *fill*         0x0800d086        0x2 
 .text.sync_fs  0x0800d088       0xdc ./Middlewares/Third_Party/FatFs/src/ff.o
 .text.clust2sect
                0x0800d164       0x3e ./Middlewares/Third_Party/FatFs/src/ff.o
 .text.get_fat  0x0800d1a2      0x14e ./Middlewares/Third_Party/FatFs/src/ff.o
 .text.clmt_clust
                0x0800d2f0       0x68 ./Middlewares/Third_Party/FatFs/src/ff.o
 .text.st_clust
                0x0800d358       0x40 ./Middlewares/Third_Party/FatFs/src/ff.o
 .text.get_ldnumber
                0x0800d398       0x88 ./Middlewares/Third_Party/FatFs/src/ff.o
 .text.check_fs
                0x0800d420       0xac ./Middlewares/Third_Party/FatFs/src/ff.o
 .text.find_volume
                0x0800d4cc      0x498 ./Middlewares/Third_Party/FatFs/src/ff.o
 .text.validate
                0x0800d964       0x6a ./Middlewares/Third_Party/FatFs/src/ff.o
 *fill*         0x0800d9ce        0x2 
 .text.f_mount  0x0800d9d0       0x8c ./Middlewares/Third_Party/FatFs/src/ff.o
                0x0800d9d0                f_mount
 .text.f_read   0x0800da5c      0x27e ./Middlewares/Third_Party/FatFs/src/ff.o
                0x0800da5c                f_read
 .text.f_sync   0x0800dcda       0xfc ./Middlewares/Third_Party/FatFs/src/ff.o
                0x0800dcda                f_sync
 .text.f_close  0x0800ddd6       0x54 ./Middlewares/Third_Party/FatFs/src/ff.o
                0x0800ddd6                f_close
 *fill*         0x0800de2a        0x2 
 .text.FATFS_LinkDriverEx
                0x0800de2c       0x98 ./Middlewares/Third_Party/FatFs/src/ff_gen_drv.o
                0x0800de2c                FATFS_LinkDriverEx
 .text.FATFS_LinkDriver
                0x0800dec4       0x1e ./Middlewares/Third_Party/FatFs/src/ff_gen_drv.o
                0x0800dec4                FATFS_LinkDriver
 *fill*         0x0800dee2        0x2 
 .text.MX_USB_DEVICE_Init
                0x0800dee4       0x60 ./USB_DEVICE/App/usb_device.o
                0x0800dee4                MX_USB_DEVICE_Init
 .text.CDC_Init_FS
                0x0800df44       0x28 ./USB_DEVICE/App/usbd_cdc_if.o
 .text.CDC_DeInit_FS
                0x0800df6c       0x10 ./USB_DEVICE/App/usbd_cdc_if.o
 .text.CDC_Control_FS
                0x0800df7c       0xbc ./USB_DEVICE/App/usbd_cdc_if.o
 .text.CDC_Receive_FS
                0x0800e038       0x28 ./USB_DEVICE/App/usbd_cdc_if.o
 .text.CDC_Transmit_FS
                0x0800e060       0x4c ./USB_DEVICE/App/usbd_cdc_if.o
                0x0800e060                CDC_Transmit_FS
 .text.CDC_TransmitCplt_FS
                0x0800e0ac       0x22 ./USB_DEVICE/App/usbd_cdc_if.o
 *fill*         0x0800e0ce        0x2 
 .text.USBD_FS_DeviceDescriptor
                0x0800e0d0       0x24 ./USB_DEVICE/App/usbd_desc.o
                0x0800e0d0                USBD_FS_DeviceDescriptor
 .text.USBD_FS_LangIDStrDescriptor
                0x0800e0f4       0x24 ./USB_DEVICE/App/usbd_desc.o
                0x0800e0f4                USBD_FS_LangIDStrDescriptor
 .text.USBD_FS_ProductStrDescriptor
                0x0800e118       0x3c ./USB_DEVICE/App/usbd_desc.o
                0x0800e118                USBD_FS_ProductStrDescriptor
 .text.USBD_FS_ManufacturerStrDescriptor
                0x0800e154       0x28 ./USB_DEVICE/App/usbd_desc.o
                0x0800e154                USBD_FS_ManufacturerStrDescriptor
 .text.USBD_FS_SerialStrDescriptor
                0x0800e17c       0x24 ./USB_DEVICE/App/usbd_desc.o
                0x0800e17c                USBD_FS_SerialStrDescriptor
 .text.USBD_FS_ConfigStrDescriptor
                0x0800e1a0       0x3c ./USB_DEVICE/App/usbd_desc.o
                0x0800e1a0                USBD_FS_ConfigStrDescriptor
 .text.USBD_FS_InterfaceStrDescriptor
                0x0800e1dc       0x3c ./USB_DEVICE/App/usbd_desc.o
                0x0800e1dc                USBD_FS_InterfaceStrDescriptor
 .text.Get_SerialNum
                0x0800e218       0x58 ./USB_DEVICE/App/usbd_desc.o
 .text.IntToUnicode
                0x0800e270       0x7e ./USB_DEVICE/App/usbd_desc.o
 *fill*         0x0800e2ee        0x2 
 .text.HAL_PCD_MspInit
                0x0800e2f0       0xa8 ./USB_DEVICE/Target/usbd_conf.o
                0x0800e2f0                HAL_PCD_MspInit
 .text.HAL_PCD_SetupStageCallback
                0x0800e398       0x24 ./USB_DEVICE/Target/usbd_conf.o
                0x0800e398                HAL_PCD_SetupStageCallback
 .text.HAL_PCD_DataOutStageCallback
                0x0800e3bc       0x36 ./USB_DEVICE/Target/usbd_conf.o
                0x0800e3bc                HAL_PCD_DataOutStageCallback
 .text.HAL_PCD_DataInStageCallback
                0x0800e3f2       0x34 ./USB_DEVICE/Target/usbd_conf.o
                0x0800e3f2                HAL_PCD_DataInStageCallback
 .text.HAL_PCD_SOFCallback
                0x0800e426       0x1c ./USB_DEVICE/Target/usbd_conf.o
                0x0800e426                HAL_PCD_SOFCallback
 .text.HAL_PCD_ResetCallback
                0x0800e442       0x3c ./USB_DEVICE/Target/usbd_conf.o
                0x0800e442                HAL_PCD_ResetCallback
 *fill*         0x0800e47e        0x2 
 .text.HAL_PCD_SuspendCallback
                0x0800e480       0x4c ./USB_DEVICE/Target/usbd_conf.o
                0x0800e480                HAL_PCD_SuspendCallback
 .text.HAL_PCD_ResumeCallback
                0x0800e4cc       0x1c ./USB_DEVICE/Target/usbd_conf.o
                0x0800e4cc                HAL_PCD_ResumeCallback
 .text.HAL_PCD_ISOOUTIncompleteCallback
                0x0800e4e8       0x24 ./USB_DEVICE/Target/usbd_conf.o
                0x0800e4e8                HAL_PCD_ISOOUTIncompleteCallback
 .text.HAL_PCD_ISOINIncompleteCallback
                0x0800e50c       0x24 ./USB_DEVICE/Target/usbd_conf.o
                0x0800e50c                HAL_PCD_ISOINIncompleteCallback
 .text.HAL_PCD_ConnectCallback
                0x0800e530       0x1c ./USB_DEVICE/Target/usbd_conf.o
                0x0800e530                HAL_PCD_ConnectCallback
 .text.HAL_PCD_DisconnectCallback
                0x0800e54c       0x1c ./USB_DEVICE/Target/usbd_conf.o
                0x0800e54c                HAL_PCD_DisconnectCallback
 .text.USBD_LL_Init
                0x0800e568       0x98 ./USB_DEVICE/Target/usbd_conf.o
                0x0800e568                USBD_LL_Init
 .text.USBD_LL_Start
                0x0800e600       0x36 ./USB_DEVICE/Target/usbd_conf.o
                0x0800e600                USBD_LL_Start
 .text.USBD_LL_OpenEP
                0x0800e636       0x4c ./USB_DEVICE/Target/usbd_conf.o
                0x0800e636                USBD_LL_OpenEP
 .text.USBD_LL_CloseEP
                0x0800e682       0x3e ./USB_DEVICE/Target/usbd_conf.o
                0x0800e682                USBD_LL_CloseEP
 .text.USBD_LL_StallEP
                0x0800e6c0       0x3e ./USB_DEVICE/Target/usbd_conf.o
                0x0800e6c0                USBD_LL_StallEP
 .text.USBD_LL_ClearStallEP
                0x0800e6fe       0x3e ./USB_DEVICE/Target/usbd_conf.o
                0x0800e6fe                USBD_LL_ClearStallEP
 .text.USBD_LL_IsStallEP
                0x0800e73c       0x58 ./USB_DEVICE/Target/usbd_conf.o
                0x0800e73c                USBD_LL_IsStallEP
 .text.USBD_LL_SetUSBAddress
                0x0800e794       0x3e ./USB_DEVICE/Target/usbd_conf.o
                0x0800e794                USBD_LL_SetUSBAddress
 .text.USBD_LL_Transmit
                0x0800e7d2       0x42 ./USB_DEVICE/Target/usbd_conf.o
                0x0800e7d2                USBD_LL_Transmit
 .text.USBD_LL_PrepareReceive
                0x0800e814       0x42 ./USB_DEVICE/Target/usbd_conf.o
                0x0800e814                USBD_LL_PrepareReceive
 .text.USBD_LL_GetRxDataSize
                0x0800e856       0x26 ./USB_DEVICE/Target/usbd_conf.o
                0x0800e856                USBD_LL_GetRxDataSize
 .text.USBD_static_malloc
                0x0800e87c       0x1c ./USB_DEVICE/Target/usbd_conf.o
                0x0800e87c                USBD_static_malloc
 .text.USBD_static_free
                0x0800e898       0x14 ./USB_DEVICE/Target/usbd_conf.o
                0x0800e898                USBD_static_free
 .text.USBD_Get_USB_Status
                0x0800e8ac       0x58 ./USB_DEVICE/Target/usbd_conf.o
                0x0800e8ac                USBD_Get_USB_Status
 .text._ZdlPvj  0x0800e904        0x4 C:/ST/STM32CubeIDE_1.17.0/STM32CubeIDE/plugins/com.st.stm32cube.ide.mcu.externaltools.gnu-tools-for-stm32.14.3.rel1.win32_1.0.100.202602081740/tools/bin/../lib/gcc/arm-none-eabi/14.3.1/../../../../arm-none-eabi/lib/thumb/v7e-m+fp/hard\libstdc++_nano.a(del_ops.o)
                0x0800e904                operator delete(void*, unsigned int)
 .text._Znwj    0x0800e908       0x22 C:/ST/STM32CubeIDE_1.17.0/STM32CubeIDE/plugins/com.st.stm32cube.ide.mcu.externaltools.gnu-tools-for-stm32.14.3.rel1.win32_1.0.100.202602081740/tools/bin/../lib/gcc/arm-none-eabi/14.3.1/../../../../arm-none-eabi/lib/thumb/v7e-m+fp/hard\libstdc++_nano.a(new_op.o)
                0x0800e908                operator new(unsigned int)
 .text._ZdlPv   0x0800e92a        0x4 C:/ST/STM32CubeIDE_1.17.0/STM32CubeIDE/plugins/com.st.stm32cube.ide.mcu.externaltools.gnu-tools-for-stm32.14.3.rel1.win32_1.0.100.202602081740/tools/bin/../lib/gcc/arm-none-eabi/14.3.1/../../../../arm-none-eabi/lib/thumb/v7e-m+fp/hard\libstdc++_nano.a(del_op.o)
                0x0800e92a                operator delete(void*)
 *fill*         0x0800e92e        0x2 
 .text._ZSt15get_new_handlerv
                0x0800e930       0x10 C:/ST/STM32CubeIDE_1.17.0/STM32CubeIDE/plugins/com.st.stm32cube.ide.mcu.externaltools.gnu-tools-for-stm32.14.3.rel1.win32_1.0.100.202602081740/tools/bin/../lib/gcc/arm-none-eabi/14.3.1/../../../../arm-none-eabi/lib/thumb/v7e-m+fp/hard\libstdc++_nano.a(new_handler.o)
                0x0800e930                std::get_new_handler()
 .text.abort    0x0800e940        0xe C:/ST/STM32CubeIDE_1.17.0/STM32CubeIDE/plugins/com.st.stm32cube.ide.mcu.externaltools.gnu-tools-for-stm32.14.3.rel1.win32_1.0.100.202602081740/tools/bin/../lib/gcc/arm-none-eabi/14.3.1/../../../../arm-none-eabi/lib/thumb/v7e-m+fp/hard\libc_nano.a(libc_a-abort.o)
                0x0800e940                abort
 .text.__itoa   0x0800e94e       0x30 C:/ST/STM32CubeIDE_1.17.0/STM32CubeIDE/plugins/com.st.stm32cube.ide.mcu.externaltools.gnu-tools-for-stm32.14.3.rel1.win32_1.0.100.202602081740/tools/bin/../lib/gcc/arm-none-eabi/14.3.1/../../../../arm-none-eabi/lib/thumb/v7e-m+fp/hard\libc_nano.a(libc_a-itoa.o)
                0x0800e94e                __itoa
 .text.itoa     0x0800e97e        0x4 C:/ST/STM32CubeIDE_1.17.0/STM32CubeIDE/plugins/com.st.stm32cube.ide.mcu.externaltools.gnu-tools-for-stm32.14.3.rel1.win32_1.0.100.202602081740/tools/bin/../lib/gcc/arm-none-eabi/14.3.1/../../../../arm-none-eabi/lib/thumb/v7e-m+fp/hard\libc_nano.a(libc_a-itoa.o)
                0x0800e97e                itoa
 *fill*         0x0800e982        0x2 
 .text.malloc   0x0800e984       0x10 C:/ST/STM32CubeIDE_1.17.0/STM32CubeIDE/plugins/com.st.stm32cube.ide.mcu.externaltools.gnu-tools-for-stm32.14.3.rel1.win32_1.0.100.202602081740/tools/bin/../lib/gcc/arm-none-eabi/14.3.1/../../../../arm-none-eabi/lib/thumb/v7e-m+fp/hard\libc_nano.a(libc_a-malloc.o)
                0x0800e984                malloc
 .text.free     0x0800e994       0x10 C:/ST/STM32CubeIDE_1.17.0/STM32CubeIDE/plugins/com.st.stm32cube.ide.mcu.externaltools.gnu-tools-for-stm32.14.3.rel1.win32_1.0.100.202602081740/tools/bin/../lib/gcc/arm-none-eabi/14.3.1/../../../../arm-none-eabi/lib/thumb/v7e-m+fp/hard\libc_nano.a(libc_a-malloc.o)
                0x0800e994                free
 .text.sbrk_aligned
                0x0800e9a4       0x44 C:/ST/STM32CubeIDE_1.17.0/STM32CubeIDE/plugins/com.st.stm32cube.ide.mcu.externaltools.gnu-tools-for-stm32.14.3.rel1.win32_1.0.100.202602081740/tools/bin/../lib/gcc/arm-none-eabi/14.3.1/../../../../arm-none-eabi/lib/thumb/v7e-m+fp/hard\libc_nano.a(libc_a-mallocr.o)
 .text._malloc_r
                0x0800e9e8      0x100 C:/ST/STM32CubeIDE_1.17.0/STM32CubeIDE/plugins/com.st.stm32cube.ide.mcu.externaltools.gnu-tools-for-stm32.14.3.rel1.win32_1.0.100.202602081740/tools/bin/../lib/gcc/arm-none-eabi/14.3.1/../../../../arm-none-eabi/lib/thumb/v7e-m+fp/hard\libc_nano.a(libc_a-mallocr.o)
                0x0800e9e8                _malloc_r
 .text.__malloc_lock
                0x0800eae8        0xc C:/ST/STM32CubeIDE_1.17.0/STM32CubeIDE/plugins/com.st.stm32cube.ide.mcu.externaltools.gnu-tools-for-stm32.14.3.rel1.win32_1.0.100.202602081740/tools/bin/../lib/gcc/arm-none-eabi/14.3.1/../../../../arm-none-eabi/lib/thumb/v7e-m+fp/hard\libc_nano.a(libc_a-mlock.o)
                0x0800eae8                __malloc_lock
 .text.__malloc_unlock
                0x0800eaf4        0xc C:/ST/STM32CubeIDE_1.17.0/STM32CubeIDE/plugins/com.st.stm32cube.ide.mcu.externaltools.gnu-tools-for-stm32.14.3.rel1.win32_1.0.100.202602081740/tools/bin/../lib/gcc/arm-none-eabi/14.3.1/../../../../arm-none-eabi/lib/thumb/v7e-m+fp/hard\libc_nano.a(libc_a-mlock.o)
                0x0800eaf4                __malloc_unlock
 .text.__utoa   0x0800eb00       0x84 C:/ST/STM32CubeIDE_1.17.0/STM32CubeIDE/plugins/com.st.stm32cube.ide.mcu.externaltools.gnu-tools-for-stm32.14.3.rel1.win32_1.0.100.202602081740/tools/bin/../lib/gcc/arm-none-eabi/14.3.1/../../../../arm-none-eabi/lib/thumb/v7e-m+fp/hard\libc_nano.a(libc_a-utoa.o)
                0x0800eb00                __utoa
 .text._vsnprintf_r
                0x0800eb84       0x5c C:/ST/STM32CubeIDE_1.17.0/STM32CubeIDE/plugins/com.st.stm32cube.ide.mcu.externaltools.gnu-tools-for-stm32.14.3.rel1.win32_1.0.100.202602081740/tools/bin/../lib/gcc/arm-none-eabi/14.3.1/../../../../arm-none-eabi/lib/thumb/v7e-m+fp/hard\libc_nano.a(libc_a-vsnprintf.o)
                0x0800eb84                _vsniprintf_r
                0x0800eb84                _vsnprintf_r
 .text.vsnprintf
                0x0800ebe0       0x1c C:/ST/STM32CubeIDE_1.17.0/STM32CubeIDE/plugins/com.st.stm32cube.ide.mcu.externaltools.gnu-tools-for-stm32.14.3.rel1.win32_1.0.100.202602081740/tools/bin/../lib/gcc/arm-none-eabi/14.3.1/../../../../arm-none-eabi/lib/thumb/v7e-m+fp/hard\libc_nano.a(libc_a-vsnprintf.o)
                0x0800ebe0                vsniprintf
                0x0800ebe0                vsnprintf
 .text.memset   0x0800ebfc       0x10 C:/ST/STM32CubeIDE_1.17.0/STM32CubeIDE/plugins/com.st.stm32cube.ide.mcu.externaltools.gnu-tools-for-stm32.14.3.rel1.win32_1.0.100.202602081740/tools/bin/../lib/gcc/arm-none-eabi/14.3.1/../../../../arm-none-eabi/lib/thumb/v7e-m+fp/hard\libc_nano.a(libc_a-memset.o)
                0x0800ebfc                memset
 .text.strncat  0x0800ec0c       0x26 C:/ST/STM32CubeIDE_1.17.0/STM32CubeIDE/plugins/com.st.stm32cube.ide.mcu.externaltools.gnu-tools-for-stm32.14.3.rel1.win32_1.0.100.202602081740/tools/bin/../lib/gcc/arm-none-eabi/14.3.1/../../../../arm-none-eabi/lib/thumb/v7e-m+fp/hard\libc_nano.a(libc_a-strncat.o)
                0x0800ec0c                strncat
 .text.strncpy  0x0800ec32       0x26 C:/ST/STM32CubeIDE_1.17.0/STM32CubeIDE/plugins/com.st.stm32cube.ide.mcu.externaltools.gnu-tools-for-stm32.14.3.rel1.win32_1.0.100.202602081740/tools/bin/../lib/gcc/arm-none-eabi/14.3.1/../../../../arm-none-eabi/lib/thumb/v7e-m+fp/hard\libc_nano.a(libc_a-strncpy.o)
                0x0800ec32                strncpy
 .text._raise_r
                0x0800ec58       0x50 C:/ST/STM32CubeIDE_1.17.0/STM32CubeIDE/plugins/com.st.stm32cube.ide.mcu.externaltools.gnu-tools-for-stm32.14.3.rel1.win32_1.0.100.202602081740/tools/bin/../lib/gcc/arm-none-eabi/14.3.1/../../../../arm-none-eabi/lib/thumb/v7e-m+fp/hard\libc_nano.a(libc_a-signal.o)
                0x0800ec58                _raise_r
 .text.raise    0x0800eca8       0x10 C:/ST/STM32CubeIDE_1.17.0/STM32CubeIDE/plugins/com.st.stm32cube.ide.mcu.externaltools.gnu-tools-for-stm32.14.3.rel1.win32_1.0.100.202602081740/tools/bin/../lib/gcc/arm-none-eabi/14.3.1/../../../../arm-none-eabi/lib/thumb/v7e-m+fp/hard\libc_nano.a(libc_a-signal.o)
                0x0800eca8                raise
 .text._kill_r  0x0800ecb8       0x24 C:/ST/STM32CubeIDE_1.17.0/STM32CubeIDE/plugins/com.st.stm32cube.ide.mcu.externaltools.gnu-tools-for-stm32.14.3.rel1.win32_1.0.100.202602081740/tools/bin/../lib/gcc/arm-none-eabi/14.3.1/../../../../arm-none-eabi/lib/thumb/v7e-m+fp/hard\libc_nano.a(libc_a-signalr.o)
                0x0800ecb8                _kill_r
 .text._getpid_r
                0x0800ecdc        0x4 C:/ST/STM32CubeIDE_1.17.0/STM32CubeIDE/plugins/com.st.stm32cube.ide.mcu.externaltools.gnu-tools-for-stm32.14.3.rel1.win32_1.0.100.202602081740/tools/bin/../lib/gcc/arm-none-eabi/14.3.1/../../../../arm-none-eabi/lib/thumb/v7e-m+fp/hard\libc_nano.a(libc_a-signalr.o)
                0x0800ecdc                _getpid_r
 .text._sbrk_r  0x0800ece0       0x20 C:/ST/STM32CubeIDE_1.17.0/STM32CubeIDE/plugins/com.st.stm32cube.ide.mcu.externaltools.gnu-tools-for-stm32.14.3.rel1.win32_1.0.100.202602081740/tools/bin/../lib/gcc/arm-none-eabi/14.3.1/../../../../arm-none-eabi/lib/thumb/v7e-m+fp/hard\libc_nano.a(libc_a-sbrkr.o)
                0x0800ece0                _sbrk_r
 .text.__errno  0x0800ed00        0xc C:/ST/STM32CubeIDE_1.17.0/STM32CubeIDE/plugins/com.st.stm32cube.ide.mcu.externaltools.gnu-tools-for-stm32.14.3.rel1.win32_1.0.100.202602081740/tools/bin/../lib/gcc/arm-none-eabi/14.3.1/../../../../arm-none-eabi/lib/thumb/v7e-m+fp/hard\libc_nano.a(libc_a-errno.o)
                0x0800ed00                __errno
 .text.__libc_init_array
                0x0800ed0c       0x48 C:/ST/STM32CubeIDE_1.17.0/STM32CubeIDE/plugins/com.st.stm32cube.ide.mcu.externaltools.gnu-tools-for-stm32.14.3.rel1.win32_1.0.100.202602081740/tools/bin/../lib/gcc/arm-none-eabi/14.3.1/../../../../arm-none-eabi/lib/thumb/v7e-m+fp/hard\libc_nano.a(libc_a-init.o)
                0x0800ed0c                __libc_init_array
 .text.__retarget_lock_acquire_recursive
                0x0800ed54        0x2 C:/ST/STM32CubeIDE_1.17.0/STM32CubeIDE/plugins/com.st.stm32cube.ide.mcu.externaltools.gnu-tools-for-stm32.14.3.rel1.win32_1.0.100.202602081740/tools/bin/../lib/gcc/arm-none-eabi/14.3.1/../../../../arm-none-eabi/lib/thumb/v7e-m+fp/hard\libc_nano.a(libc_a-lock.o)
                0x0800ed54                __retarget_lock_acquire_recursive
 .text.__retarget_lock_release_recursive
                0x0800ed56        0x2 C:/ST/STM32CubeIDE_1.17.0/STM32CubeIDE/plugins/com.st.stm32cube.ide.mcu.externaltools.gnu-tools-for-stm32.14.3.rel1.win32_1.0.100.202602081740/tools/bin/../lib/gcc/arm-none-eabi/14.3.1/../../../../arm-none-eabi/lib/thumb/v7e-m+fp/hard\libc_nano.a(libc_a-lock.o)
                0x0800ed56                __retarget_lock_release_recursive
 .text.memcpy   0x0800ed58       0x1c C:/ST/STM32CubeIDE_1.17.0/STM32CubeIDE/plugins/com.st.stm32cube.ide.mcu.externaltools.gnu-tools-for-stm32.14.3.rel1.win32_1.0.100.202602081740/tools/bin/../lib/gcc/arm-none-eabi/14.3.1/../../../../arm-none-eabi/lib/thumb/v7e-m+fp/hard\libc_nano.a(libc_a-memcpy-stub.o)
                0x0800ed58                memcpy
 .text._free_r  0x0800ed74       0x94 C:/ST/STM32CubeIDE_1.17.0/STM32CubeIDE/plugins/com.st.stm32cube.ide.mcu.externaltools.gnu-tools-for-stm32.14.3.rel1.win32_1.0.100.202602081740/tools/bin/../lib/gcc/arm-none-eabi/14.3.1/../../../../arm-none-eabi/lib/thumb/v7e-m+fp/hard\libc_nano.a(libc_a-freer.o)
                0x0800ed74                _free_r
 .text.__ssputs_r
                0x0800ee08       0xc0 C:/ST/STM32CubeIDE_1.17.0/STM32CubeIDE/plugins/com.st.stm32cube.ide.mcu.externaltools.gnu-tools-for-stm32.14.3.rel1.win32_1.0.100.202602081740/tools/bin/../lib/gcc/arm-none-eabi/14.3.1/../../../../arm-none-eabi/lib/thumb/v7e-m+fp/hard\libc_nano.a(libc_a-nano-svfprintf.o)
                0x0800ee08                __ssputs_r
 .text._svfprintf_r
                0x0800eec8      0x1f0 C:/ST/STM32CubeIDE_1.17.0/STM32CubeIDE/plugins/com.st.stm32cube.ide.mcu.externaltools.gnu-tools-for-stm32.14.3.rel1.win32_1.0.100.202602081740/tools/bin/../lib/gcc/arm-none-eabi/14.3.1/../../../../arm-none-eabi/lib/thumb/v7e-m+fp/hard\libc_nano.a(libc_a-nano-svfprintf.o)
                0x0800eec8                _svfiprintf_r
                0x0800eec8                _svfprintf_r
 .text._printf_common
                0x0800f0b8       0xda C:/ST/STM32CubeIDE_1.17.0/STM32CubeIDE/plugins/com.st.stm32cube.ide.mcu.externaltools.gnu-tools-for-stm32.14.3.rel1.win32_1.0.100.202602081740/tools/bin/../lib/gcc/arm-none-eabi/14.3.1/../../../../arm-none-eabi/lib/thumb/v7e-m+fp/hard\libc_nano.a(libc_a-nano-vfprintf_i.o)
                0x0800f0b8                _printf_common
 *fill*         0x0800f192        0x2 
 .text._printf_i
                0x0800f194      0x24c C:/ST/STM32CubeIDE_1.17.0/STM32CubeIDE/plugins/com.st.stm32cube.ide.mcu.externaltools.gnu-tools-for-stm32.14.3.rel1.win32_1.0.100.202602081740/tools/bin/../lib/gcc/arm-none-eabi/14.3.1/../../../../arm-none-eabi/lib/thumb/v7e-m+fp/hard\libc_nano.a(libc_a-nano-vfprintf_i.o)
                0x0800f194                _printf_i
 .text.memmove  0x0800f3e0       0x32 C:/ST/STM32CubeIDE_1.17.0/STM32CubeIDE/plugins/com.st.stm32cube.ide.mcu.externaltools.gnu-tools-for-stm32.14.3.rel1.win32_1.0.100.202602081740/tools/bin/../lib/gcc/arm-none-eabi/14.3.1/../../../../arm-none-eabi/lib/thumb/v7e-m+fp/hard\libc_nano.a(libc_a-memmove.o)
                0x0800f3e0                memmove
 .text._realloc_r
                0x0800f412       0x5c C:/ST/STM32CubeIDE_1.17.0/STM32CubeIDE/plugins/com.st.stm32cube.ide.mcu.externaltools.gnu-tools-for-stm32.14.3.rel1.win32_1.0.100.202602081740/tools/bin/../lib/gcc/arm-none-eabi/14.3.1/../../../../arm-none-eabi/lib/thumb/v7e-m+fp/hard\libc_nano.a(libc_a-reallocr.o)
                0x0800f412                _realloc_r
 .text._malloc_usable_size_r
                0x0800f46e       0x10 C:/ST/STM32CubeIDE_1.17.0/STM32CubeIDE/plugins/com.st.stm32cube.ide.mcu.externaltools.gnu-tools-for-stm32.14.3.rel1.win32_1.0.100.202602081740/tools/bin/../lib/gcc/arm-none-eabi/14.3.1/../../../../arm-none-eabi/lib/thumb/v7e-m+fp/hard\libc_nano.a(libc_a-msizer.o)
                0x0800f46e                _malloc_usable_size_r
 *(.glue_7)
 .glue_7        0x0800f47e        0x0 linker stubs
 *(.glue_7t)
 .glue_7t       0x0800f47e        0x0 linker stubs
 *(.eh_frame)
 *fill*         0x0800f47e        0x2 
 .eh_frame      0x0800f480        0x0 C:/ST/STM32CubeIDE_1.17.0/STM32CubeIDE/plugins/com.st.stm32cube.ide.mcu.externaltools.gnu-tools-for-stm32.14.3.rel1.win32_1.0.100.202602081740/tools/bin/../lib/gcc/arm-none-eabi/14.3.1/thumb/v7e-m+fp/hard/crtbegin.o
 *(.init)
 .init          0x0800f480        0x4 C:/ST/STM32CubeIDE_1.17.0/STM32CubeIDE/plugins/com.st.stm32cube.ide.mcu.externaltools.gnu-tools-for-stm32.14.3.rel1.win32_1.0.100.202602081740/tools/bin/../lib/gcc/arm-none-eabi/14.3.1/thumb/v7e-m+fp/hard/crti.o
                0x0800f480                _init
 .init          0x0800f484        0x8 C:/ST/STM32CubeIDE_1.17.0/STM32CubeIDE/plugins/com.st.stm32cube.ide.mcu.externaltools.gnu-tools-for-stm32.14.3.rel1.win32_1.0.100.202602081740/tools/bin/../lib/gcc/arm-none-eabi/14.3.1/thumb/v7e-m+fp/hard/crtn.o
 *(.fini)
 .fini          0x0800f48c        0x4 C:/ST/STM32CubeIDE_1.17.0/STM32CubeIDE/plugins/com.st.stm32cube.ide.mcu.externaltools.gnu-tools-for-stm32.14.3.rel1.win32_1.0.100.202602081740/tools/bin/../lib/gcc/arm-none-eabi/14.3.1/thumb/v7e-m+fp/hard/crti.o
                0x0800f48c                _fini
 .fini          0x0800f490        0x8 C:/ST/STM32CubeIDE_1.17.0/STM32CubeIDE/plugins/com.st.stm32cube.ide.mcu.externaltools.gnu-tools-for-stm32.14.3.rel1.win32_1.0.100.202602081740/tools/bin/../lib/gcc/arm-none-eabi/14.3.1/thumb/v7e-m+fp/hard/crtn.o
                0x0800f498                        . = ALIGN (0x4)
                0x0800f498                        _etext = .

.vfp11_veneer   0x0800f498        0x0
 .vfp11_veneer  0x0800f498        0x0 linker stubs

.v4_bx          0x0800f498        0x0
 .v4_bx         0x0800f498        0x0 linker stubs

.iplt           0x0800f498        0x0
 .iplt          0x0800f498        0x0 C:/ST/STM32CubeIDE_1.17.0/STM32CubeIDE/plugins/com.st.stm32cube.ide.mcu.externaltools.gnu-tools-for-stm32.14.3.rel1.win32_1.0.100.202602081740/tools/bin/../lib/gcc/arm-none-eabi/14.3.1/thumb/v7e-m+fp/hard/crtbegin.o

.rodata         0x0800f498     0x7ca0
                0x0800f498                        . = ALIGN (0x4)
 *(.rodata)
 .rodata        0x0800f498       0xb0 ./Core/Src/main.o