../Core/Src/rpi-display/rpiSceneBuilderUser.cpp:51:6:void setrpmdata(char*)	32	static
../Core/Src/rpi-display/rpiSceneBuilderUser.cpp:57:6:void settempdata(char*)	32	static
../Core/Src/rpi-display/rpiSceneBuilderUser.cpp:64:6:void setgeardata(char*)	32	static
../Core/Src/rpi-display/rpiSceneBuilderUser.cpp:70:6:void setbattdata(char*)	32	static
../Core/Src/rpi-display/rpiSceneBuilderUser.cpp:76:6:void setspeeddata(char*)	32	static
../Core/Src/rpi-display/rpiSceneBuilderUser.cpp:82:6:void setoilpressuredata(char*)	32	static
../Core/Src/rpi-display/rpiSceneBuilderUser.cpp:88:6:void domainscreen()	8	static
../Core/Src/rpi-display/rpiSceneBuilderUser.cpp:93:6:void dosplashscene()	8	static
../Core/Src/rpi-display/rpiSceneBuilderUser.cpp:96:1:void __static_initialization_and_destruction_0()	32	static
../Core/Src/rpi-display/rpiSceneBuilderUser.cpp:96:1:cpp)	8	static
